⠙[1G[0K[90menv: load .env.local .env[39m
[90menv: export EXPO_PUBLIC_FAYR_API_BASE EXPO_PUBLIC_FAYR_API_PORT[39m
[90mStarting project at /Users/prakashtamang/FAYR-Next[39m
[2mStarting Metro Bundler[22m

[33mwarning[39m: Bundler cache is empty, rebuilding [2m(this may take a minute)[22m
▄▄▄▄▄▄▄▄▄▄▄▄▄▄▄▄▄▄▄▄▄▄▄▄▄▄▄
█ ▄▄▄▄▄ █▀▀ ██▄█ ▄█ ▄▄▄▄▄ █
█ █   █ █▄▀██▀█▄▀ █ █   █ █
█ █▄▄▄█ █ ▄ █  ▀ ██ █▄▄▄█ █
█▄▄▄▄▄▄▄█ █ ▀▄█▄█▄█▄▄▄▄▄▄▄█
█▄▄▀ ▀█▄▄█▀█  ▄▀▄▄▀  ▄▀▄▄▀█
█▀ ▄█▄▀▄▄█▀▀  ▀ ▀█▄▀ ▀▀█▄▄█
██▀▄ ██▄ ▀█▄ █  █▀█ ▄█ ██▀█
█▄▀▀   ▄█ █▀ █▀██ ▄▄ ▀▀██▄█
█▄▄█▄█▄▄▄▀ ▄█ ▀▄  ▄▄▄ █ ▄ █
█ ▄▄▄▄▄ █▄▀▀▄ █▄  █▄█  ▀ ▄█
█ █   █ █▀█ ▀▄▄▀▀▄ ▄▄ █▀▄██
█ █▄▄▄█ █▀▄▄██  █  █▄  ▄█▄█
█▄▄▄▄▄▄▄█▄█▄██▄▄█▄███▄▄█▄▄█

[2m› Scan the QR code above to open in [1mExpo Go[22m[2m.[22m
› Metro: [4mexp://192.168.0.190:8081[24m
› Web: [4mhttp://localhost:8081[24m

› Using [36mExpo Go[39m [2m(Press [22m[2m[1ms[22m[22m[2m to switch to development build)[22m
› Press [1m?[22m [2m│[22m show all commands

Logs for your project will appear below.[2m Press Ctrl+C to exit.[22m
[2J[3J[H[2m› Switching to [1m--dev-client[22m[2m[22m

▄▄▄▄▄▄▄▄▄▄▄▄▄▄▄▄▄▄▄▄▄▄▄▄▄▄▄▄▄▄▄▄▄▄▄▄▄▄▄
█ ▄▄▄▄▄ █▀ █▀▀█▄▀█▄▀▄▀  ▄█▀ ▀ █ ▄▄▄▄▄ █
█ █   █ █▀ ▄ ██▄▄▀▀▀█▀▄  █▀▀ ▄█ █   █ █
█ █▄▄▄█ █▀█ █▄ ▀▀█▀▀▄█▄▄▄▄█▀▀▄█ █▄▄▄█ █
█▄▄▄▄▄▄▄█▄█▄█ ▀▄▀▄█ ▀ ▀▄▀▄█ ▀ █▄▄▄▄▄▄▄█
█ ▄▄▄▄▀▄▄▄ ▄█▄█▄▄▄  █▀█▄   ▄▄▀▄█ █ █ ██
█▀█▄▀ ▀▄█▀▄  ▄█▀ █▄▀▀█ ▄█▄█▄  ▄▄▀ ▄▄▄ █
██ █▄ █▄▀▀█▄▄▀▀▀█▄▄▄▀▄█▀▀█ ▄██▄▄█▄ ▄▀▄█
█▀██▄  ▄▀▄  █▀ ▄ ▄█▄█   ▀▄▄ ▄ ▀  ▄██▄▄█
█▀ ▄█ ▄▄▀▀█ █▄█▄ ▀▄▄▀██▄ ▄▄ █▀ ▄▀▄  ▄██
█▄   █▀▄▄██  ▄█▀▄▄▄▀▀▀ █████ █▀▀▀ █▄▀ █
█ █▄▀▀▄▄  █▀▄▀▀▀▄▄ ▄█▀▀ ▀▄ ▄▄  ▄▀▄ ▄▄██
█▄ █▄▀ ▄▄  ██▀ ▄  █ ▀█ ▄█▀█  ██▄▄███ ▄█
█▀█▀ ▀▀▄█▄  █▄█▄▄█  ▀▄▀  ▄▄▄█ ▀▄▀▄▀▄▄██
█ ██▄  ▄▄█▄▀ ▄█▀ █▄▀█  ▄█▄█   ██ ▀█▄ ▄█
█▄██▄█▄▄▄   ▄▀▀▀▄▄▄▄▀█▀  ▄ ▄  ▄▄▄   █▄█
█ ▄▄▄▄▄ █▄███▀ ▄ ▄█ █▄ █▀▀▄▄█ █▄█ ▄█ ▄█
█ █   █ █   █▄█▄█▄  █▀▀█▀▄▄ ▄ ▄ ▄ █▄  █
█ █▄▄▄█ █ ▄  ▄█▀ ▄▄▀▀▄  ███▄▀ ▀█ █▄█▄ █
█▄▄▄▄▄▄▄█▄█▄▄███▄▄▄▄█▄██▄▄▄█▄█▄███▄▄▄▄█

[2m› Scan the QR code above to open in a [1mdevelopment build[22m[2m. ([2m]8;;https://expo.fyi/startLearn more]8;;[22m[2m)[22m
› Metro: [4mcom.prakashtamang.fayr://expo-development-client/?url=http%3A%2F%2F192.168.0.190%3A8081[24m
› Web: [4mhttp://localhost:8081[24m

› Using [36mdevelopment build[39m [2m(Press [22m[2m[1ms[22m[22m[2m to switch to Expo Go)[22m
› Press [1m?[22m [2m│[22m show all commands

[33mAn update for [33m[1mexpo[22m[39m[33m is available: [33m[31m57.0.20[39m[33m[39m[33m [33m[2m→[22m[39m[33m [33m[32m~57.0.24[39m[33m[39m[33m[39m
[33m8 other packages may need updating. Run [33m[1mnpx expo install --check[22m[39m[33m for details.[39m
[1miOS[22m [0m[2m./[22m[0m[1mindex.js[22m [47m[37m░░░░░░░░░░░░░░░░[39m[49m[1m  0.0% [22m[2m(0/1)[22m
[214D[1A[0J[1miOS[22m [0m[2m./[22m[0m[1mindex.js[22m [47m[37m░░░░░░░░░░░░░░░░[39m[49m[1m  1.0% [22m[2m(1/1)[22m
[214D[1A[0J[1miOS[22m [0m[2m./[22m[0m[1mindex.js[22m [32m[42m▓[49m[39m[47m[37m░░░░░░░░░░░░░░░[39m[49m[1m  9.0% [22m[2m(3/9)[22m
[214D[1A[0J[1miOS[22m [0m[2m./[22m[0m[1mindex.js[22m [32m[42m▓▓[49m[39m[47m[37m░░░░░░░░░░░░░░[39m[49m[1m 16.0% [22m[2m(4/9)[22m
[214D[1A[0J[1miOS[22m [0m[2m./[22m[0m[1mindex.js[22m [32m[42m▓▓[49m[39m[47m[37m░░░░░░░░░░░░░░[39m[49m[1m 16.0% [22m[2m( 24/130)[22m
[214D[1A[0J[1miOS[22m [0m[2m./[22m[0m[1mindex.js[22m [32m[42m▓▓[49m[39m[47m[37m░░░░░░░░░░░░░░[39m[49m[1m 16.0% [22m[2m( 27/260)[22m
[214D[1A[0J[1miOS[22m [0m[2m./[22m[0m[1mindex.js[22m [32m[42m▓▓[49m[39m[47m[37m░░░░░░░░░░░░░░[39m[49m[1m 16.0% [22m[2m( 35/319)[22m
[214D[1A[0J[1miOS[22m [0m[2m./[22m[0m[1mindex.js[22m [32m[42m▓▓[49m[39m[47m[37m░░░░░░░░░░░░░░[39m[49m[1m 16.0% [22m[2m( 49/364)[22m
[214D[1A[0J[1miOS[22m [0m[2m./[22m[0m[1mindex.js[22m [32m[42m▓▓[49m[39m[47m[37m░░░░░░░░░░░░░░[39m[49m[1m 16.0% [22m[2m(101/396)[22m
[214D[1A[0J[1miOS[22m [0m[2m./[22m[0m[1mindex.js[22m [32m[42m▓▓[49m[39m[47m[37m░░░░░░░░░░░░░░[39m[49m[1m 16.0% [22m[2m(149/486)[22m
[214D[1A[0J[1miOS[22m [0m[2m./[22m[0m[1mindex.js[22m [32m[42m▓▓[49m[39m[47m[37m░░░░░░░░░░░░░░[39m[49m[1m 16.0% [22m[2m(172/548)[22m
[214D[1A[0J[1miOS[22m [0m[2m./[22m[0m[1mindex.js[22m [32m[42m▓▓[49m[39m[47m[37m░░░░░░░░░░░░░░[39m[49m[1m 16.0% [22m[2m(215/595)[22m
[214D[1A[0J[1miOS[22m [0m[2m./[22m[0m[1mindex.js[22m [32m[42m▓▓[49m[39m[47m[37m░░░░░░░░░░░░░░[39m[49m[1m 18.6% [22m[2m(277/643)[22m
[214D[1A[0J[1miOS[22m [0m[2m./[22m[0m[1mindex.js[22m [32m[42m▓▓▓[49m[39m[47m[37m░░░░░░░░░░░░░[39m[49m[1m 23.4% [22m[2m(320/662)[22m
[214D[1A[0J[1miOS[22m [0m[2m./[22m[0m[1mindex.js[22m [32m[42m▓▓▓▓▓[49m[39m[47m[37m░░░░░░░░░░░[39m[49m[1m 31.7% [22m[2m(382/679)[22m
[214D[1A[0J[1miOS[22m [0m[2m./[22m[0m[1mindex.js[22m [32m[42m▓▓▓▓▓▓▓[49m[39m[47m[37m░░░░░░░░░[39m[49m[1m 44.1% [22m[2m(456/687)[22m
[214D[1A[0J[1miOS[22m [0m[2m./[22m[0m[1mindex.js[22m [32m[42m▓▓▓▓▓▓▓[49m[39m[47m[37m░░░░░░░░░[39m[49m[1m 44.1% [22m[2m(512/781)[22m
[214D[1A[0J[1miOS[22m [0m[2m./[22m[0m[1mindex.js[22m [32m[42m▓▓▓▓▓▓▓[49m[39m[47m[37m░░░░░░░░░[39m[49m[1m 46.5% [22m[2m(594/871)[22m
[214D[1A[0J[1miOS[22m [0m[2m./[22m[0m[1mindex.js[22m [32m[42m▓▓▓▓▓▓▓▓[49m[39m[47m[37m░░░░░░░░[39m[49m[1m 50.2% [22m[2m(672/948)[22m
[214D[1A[0J[1miOS[22m [0m[2m./[22m[0m[1mindex.js[22m [32m[42m▓▓▓▓▓▓▓▓[49m[39m[47m[37m░░░░░░░░[39m[49m[1m 50.8% [22m[2m( 734/1030)[22m
[214D[1A[0J[1miOS[22m [0m[2m./[22m[0m[1mindex.js[22m [32m[42m▓▓▓▓▓▓▓▓▓[49m[39m[47m[37m░░░░░░░[39m[49m[1m 58.1% [22m[2m( 793/1040)[22m
[214D[1A[0J[1miOS[22m [0m[2m./[22m[0m[1mindex.js[22m [32m[42m▓▓▓▓▓▓▓▓▓▓[49m[39m[47m[37m░░░░░░[39m[49m[1m 63.1% [22m[2m( 853/1074)[22m
[214D[1A[0J[1miOS[22m [0m[2m./[22m[0m[1mindex.js[22m [32m[42m▓▓▓▓▓▓▓▓▓▓▓[49m[39m[47m[37m░░░░░[39m[49m[1m 71.4% [22m[2m( 928/1098)[22m
[214D[1A[0J[1miOS[22m [0m[2m./[22m[0m[1mindex.js[22m [32m[42m▓▓▓▓▓▓▓▓▓▓▓[49m[39m[47m[37m░░░░░[39m[49m[1m 74.4% [22m[2m( 993/1151)[22m
[214D[1A[0J[1miOS[22m [0m[2m./[22m[0m[1mindex.js[22m [32m[42m▓▓▓▓▓▓▓▓▓▓▓▓[49m[39m[47m[37m░░░░[39m[49m[1m 80.4% [22m[2m(1053/1174)[22m
[214D[1A[0J[1miOS[22m [0m[2m./[22m[0m[1mindex.js[22m [32m[42m▓▓▓▓▓▓▓▓▓▓▓▓[49m[39m[47m[37m░░░░[39m[49m[1m 80.4% [22m[2m(1114/1273)[22m
[214D[1A[0J[1miOS[22m [0m[2m./[22m[0m[1mindex.js[22m [32m[42m▓▓▓▓▓▓▓▓▓▓▓▓[49m[39m[47m[37m░░░░[39m[49m[1m 80.4% [22m[2m(1153/1299)[22m
[214D[1A[0J[1miOS[22m [0m[2m./[22m[0m[1mindex.js[22m [32m[42m▓▓▓▓▓▓▓▓▓▓▓▓[49m[39m[47m[37m░░░░[39m[49m[1m 80.9% [22m[2m(1190/1323)[22m
[214D[1A[0J[1miOS[22m [0m[2m./[22m[0m[1mindex.js[22m [32m[42m▓▓▓▓▓▓▓▓▓▓▓▓▓▓[49m[39m[47m[37m░░[39m[49m[1m 88.8% [22m[2m(1261/1338)[22m
[214D[1A[0J[1miOS[22m [0m[2m./[22m[0m[1mindex.js[22m [32m[42m▓▓▓▓▓▓▓▓▓▓▓▓▓▓▓[49m[39m[47m[37m░[39m[49m[1m 94.5% [22m[2m(1315/1353)[22m
[214D[1A[0J[1miOS[22m [0m[2m./[22m[0m[1mindex.js[22m [32m[42m▓▓▓▓▓▓▓▓▓▓▓▓▓▓▓[49m[39m[47m[37m░[39m[49m[1m 99.4% [22m[2m(1360/1364)[22m
[214D[1A[0J[1miOS[22m [0m[2m./[22m[0m[1mindex.js[22m [32m[42m▓▓▓▓▓▓▓▓▓▓▓▓▓▓▓[49m[39m[47m[37m░[39m[49m[1m 99.7% [22m[2m(1362/1364)[22m
[214D[1A[0J[1miOS[22m [0m[2m./[22m[0m[1mindex.js[22m [32m[42m▓▓▓▓▓▓▓▓▓▓▓▓▓▓▓[49m[39m[47m[37m░[39m[49m[1m 99.9% [22m[2m(1363/1364)[22m
[214D[1A[0J[1miOS[22m [0m[2m./[22m[0m[1mindex.js[22m [32m[42m▓▓▓▓▓▓▓▓▓▓▓▓▓▓▓[49m[39m[47m[37m░[39m[49m[1m 99.9% [22m[2m(1378/1378)[22m
[214D[1A[0J[32m[1miOS[22m Bundled [39m[2m5044ms[22m[0m[2m index.js (1378 modules)[22m[0m
[7m[37m[1m LOG [22m[39m[27m [Fayr] backend address: http://192.168.0.190:3001 (set by you)
[7m[37m[1m LOG [22m[39m[27m [fayr-shop] 19:35:12.635 SESSION STARTED shop=zepto campaign=6f9fbd69-39bd-4e33-95a5-f635ebded712 landed=shop product="Lakme 9 To 5 Cc Cream Beige With 3% Niacinamide Complex Spf 30 Pa++" keyword="lakme cc cream" at=https://www.zepto.com/
[7m[37m[1m LOG [22m[39m[27m [fayr-shop] 19:35:12.903 WENT TO url=https://www.zepto.com/ title="none"
[7m[37m[1m LOG [22m[39m[27m [fayr-session] saved zepto: 11 cookies, 2442B
[7m[37m[1m LOG [22m[39m[27m [fayr-shop] 19:35:13.351 THE PAGE REPORTED url=https://www.zepto.com/ title="none"
[7m[37m[1m LOG [22m[39m[27m [fayr-shop] 19:35:13.351 WENT TO url=https://www.zepto.com/ title="none"
[7m[37m[1m LOG [22m[39m[27m [fayr-shop] 19:35:13.355 ORDER? said=CANNOT_TELL rule="nothing on this page says an order was placed" title="none" url=https://www.zepto.com/
[7m[37m[1m LOG [22m[39m[27m [fayr-shop] 19:35:13.547 WENT TO url=https://www.zepto.com/ title="none"
[7m[37m[1m LOG [22m[39m[27m [fayr-shop] 19:35:14.009 THE PAGE REPORTED url=https://www.zepto.com/ title="Zepto: Online Grocery Delivery App - Groceries in Minutes"
[7m[37m[1m LOG [22m[39m[27m [fayr-shop] 19:35:14.013 WHAT WE MAKE OF IT said=CANNOT_TELL rule="the title is only the shop’s own words" share=0 words=0/6 own=0 title="Zepto: Online Grocery Delivery App - Groceries in Minutes"
[7m[37m[1m LOG [22m[39m[27m [fayr-shop] 19:35:14.014 ORDER? said=CANNOT_TELL rule="nothing on this page says an order was placed" title="Zepto: Online Grocery Delivery App - Groceries in Minutes" url=https://www.zepto.com/
[7m[37m[1m LOG [22m[39m[27m [fayr-shop] 19:35:14.148 WENT TO url=https://www.zepto.com/ title="Zepto: Online Grocery Delivery App - Groceries in Minutes"
[7m[37m[1m LOG [22m[39m[27m [fayr-shop] 19:35:14.326 THE SHOP’S OWN PAGE SAID signInIsUp=true theyAreIn=false signInIsGone=false greetedByName=false
[7m[37m[1m LOG [22m[39m[27m [fayr-shop] 19:35:15.084 WENT TO url=https://www.zepto.com/ title="Zepto: Online Grocery Delivery App - Groceries in Minutes"
[7m[37m[1m LOG [22m[39m[27m [fayr-session] saved zepto: 13 cookies, 2804B
[7m[37m[1m LOG [22m[39m[27m [fayr-shop] 19:35:16.375 WENT TO url=https://www.zepto.com/search title="Zepto: Online Grocery Delivery App - Groceries in Minutes"
[7m[37m[1m LOG [22m[39m[27m [fayr-shop] 19:35:16.378 ORDER? said=CANNOT_TELL rule="nothing on this page says an order was placed" title="Zepto: Online Grocery Delivery App - Groceries in Minutes" url=https://www.zepto.com/search
[7m[37m[1m LOG [22m[39m[27m [fayr-shop] 19:35:16.378 THE PAGE REPORTED url=https://www.zepto.com/search title="none"
[7m[37m[1m LOG [22m[39m[27m [fayr-shop] 19:35:16.381 ORDER? said=CANNOT_TELL rule="nothing on this page says an order was placed" title="none" url=https://www.zepto.com/search
[7m[37m[1m LOG [22m[39m[27m [fayr-shop] 19:35:16.733 THE SHOP’S OWN PAGE SAID signInIsUp=false theyAreIn=false signInIsGone=true greetedByName=false
[7m[37m[1m LOG [22m[39m[27m [fayr-shop] 19:35:33.938 WENT TO url=https://www.zepto.com/search?query=Lakme+9+to+5+cream+beige title="Zepto | Everything delivered in minutes*"
[7m[37m[1m LOG [22m[39m[27m [fayr-shop] 19:35:33.941 WHAT WE MAKE OF IT said=CANNOT_TELL rule="not enough of the words either way" share=0 words=0/6 own=1 title="Zepto | Everything delivered in minutes*"
[7m[37m[1m LOG [22m[39m[27m [fayr-shop] 19:35:33.942 ORDER? said=CANNOT_TELL rule="nothing on this page says an order was placed" title="Zepto | Everything delivered in minutes*" url=https://www.zepto.com/search?query=Lakme+9+to+5+cream+beige
[7m[37m[1m LOG [22m[39m[27m [fayr-shop] 19:35:33.943 THE PAGE REPORTED url=https://www.zepto.com/search?query=Lakme+9+to+5+cream+beige title="Zepto | Everything delivered in minutes*"
[7m[37m[1m LOG [22m[39m[27m [fayr-shop] 19:35:33.943 WENT TO url=https://www.zepto.com/search?query=Lakme+9+to+5+cream+beige title="Zepto | Everything delivered in minutes*"
[7m[37m[1m LOG [22m[39m[27m [fayr-session] saved zepto: 13 cookies, 2804B
[7m[37m[1m LOG [22m[39m[27m [fayr-shop] 19:35:45.547 WENT TO url=https://www.zepto.com/search?query=Lakme+9+to+5+cream+beige title="Zepto | Everything delivered in minutes*"
[7m[37m[1m LOG [22m[39m[27m [fayr-shop] 19:35:45.548 WENT TO url=https://www.zepto.com/search?query=Lakme+9+to+5+cream+beige title="Zepto | Everything delivered in minutes*"
[7m[37m[1m LOG [22m[39m[27m [fayr-session] saved zepto: 13 cookies, 2804B
[7m[37m[1m LOG [22m[39m[27m [fayr-shop] 19:35:49.796 WENT TO url=https://www.zepto.com/search?query=Lakme+9+to+5+ title="Zepto | Everything delivered in minutes*"
[7m[37m[1m LOG [22m[39m[27m [fayr-shop] 19:35:49.796 THE PAGE REPORTED url=https://www.zepto.com/search?query=Lakme+9+to+5+ title="Zepto | Everything delivered in minutes*"
[7m[37m[1m LOG [22m[39m[27m [fayr-shop] 19:35:49.796 WENT TO url=https://www.zepto.com/search?query=Lakme+9+to+5+ title="Zepto | Everything delivered in minutes*"
[7m[37m[1m LOG [22m[39m[27m [fayr-shop] 19:35:49.799 ORDER? said=CANNOT_TELL rule="nothing on this page says an order was placed" title="Zepto | Everything delivered in minutes*" url=https://www.zepto.com/search?query=Lakme+9+to+5+
[7m[37m[1m LOG [22m[39m[27m [fayr-session] saved zepto: 13 cookies, 2804B
[7m[37m[1m LOG [22m[39m[27m [fayr-shop] 19:35:52.472 WENT TO url=https://www.zepto.com/pn/lakme-9-to-5-cc-cream-beige-with-3-niacinamide-complex-spf-30-pa/pvid/8dedc522-1b27-4396-883d-fc932f2922b0 title="Zepto | Everything delivered in minutes*"
[7m[37m[1m LOG [22m[39m[27m [fayr-shop] 19:35:52.476 ORDER? said=CANNOT_TELL rule="nothing on this page says an order was placed" title="Zepto | Everything delivered in minutes*" url=https://www.zepto.com/pn/lakme-9-to-5-cc-cream-beige-with-3-niacinamide-complex-spf-30-pa/pvid/8dedc522-1b27-4396-883d-fc932f2922b0
[7m[37m[1m LOG [22m[39m[27m [fayr-shop] 19:35:52.477 THE PAGE REPORTED url=https://www.zepto.com/pn/lakme-9-to-5-cc-cream-beige-with-3-niacinamide-complex-spf-30-pa/pvid/8dedc522-1b27-4396-883d-fc932f2922b0 title="none"
[7m[37m[1m LOG [22m[39m[27m [fayr-shop] 19:35:52.480 ORDER? said=CANNOT_TELL rule="nothing on this page says an order was placed" title="none" url=https://www.zepto.com/pn/lakme-9-to-5-cc-cream-beige-with-3-niacinamide-complex-spf-30-pa/pvid/8dedc522-1b27-4396-883d-fc932f2922b0
[7m[37m[1m LOG [22m[39m[27m [fayr-session] saved zepto: 13 cookies, 2808B
[7m[37m[1m LOG [22m[39m[27m [fayr-shop] 19:35:52.923 THE SHOP’S OWN PAGE SAID signInIsUp=false theyAreIn=false signInIsGone=true greetedByName=false
[7m[37m[1m LOG [22m[39m[27m [fayr-shop] 19:36:04.917 WENT TO url=https://www.zepto.com/pn/lakme-9-to-5-cc-cream-beige-with-3-niacinamide-complex-spf-30-pa/pvid/8dedc522-1b27-4396-883d-fc932f2922b0?cart=open title="Lakme 9 To 5 Cc Cream Beige With 3% Niacinamide Complex Spf 30 Pa++ - Buy at ₹357 Online | Instant Delivery - Zepto"
[7m[37m[1m LOG [22m[39m[27m [fayr-shop] 19:36:04.918 THE PAGE REPORTED url=https://www.zepto.com/pn/lakme-9-to-5-cc-cream-beige-with-3-niacinamide-complex-spf-30-pa/pvid/8dedc522-1b27-4396-883d-fc932f2922b0?cart=open title="Lakme 9 To 5 Cc Cream Beige With 3% Niacinamide Complex Spf 30 Pa++ - Buy at ₹357 Online | Instant Delivery - Zepto"
[7m[37m[1m LOG [22m[39m[27m [fayr-shop] 19:36:04.925 WHAT WE MAKE OF IT said=RIGHT rule="the title carries the whole product name" share=1 words=6/6 own=6 title="Lakme 9 To 5 Cc Cream Beige With 3% Niacinamide Complex Spf 30 Pa++ - Buy at ₹357 Online | Instant Delivery - Zepto"
[7m[37m[1m LOG [22m[39m[27m [fayr-shop] 19:36:04.926 ORDER? said=CANNOT_TELL rule="nothing on this page says an order was placed" title="Lakme 9 To 5 Cc Cream Beige With 3% Niacinamide Complex Spf 30 Pa++ - Buy at ₹357 Online | Instant Delivery - Zepto" url=https://www.zepto.com/pn/lakme-9-to-5-cc-cream-beige-with-3-niacinamide-complex-spf-30-pa/pvid/8dedc522-1b27-4396-883d-fc932f2922b0?cart=open
[7m[37m[1m LOG [22m[39m[27m [fayr-session] saved zepto: 13 cookies, 2808B
[7m[37m[1m LOG [22m[39m[27m [fayr-shop] 19:36:04.930 WENT TO url=https://www.zepto.com/pn/lakme-9-to-5-cc-cream-beige-with-3-niacinamide-complex-spf-30-pa/pvid/8dedc522-1b27-4396-883d-fc932f2922b0?cart=open title="Lakme 9 To 5 Cc Cream Beige With 3% Niacinamide Complex Spf 30 Pa++ - Buy at ₹357 Online | Instant Delivery - Zepto"
[7m[37m[1m LOG [22m[39m[27m [fayr-shop] 19:36:16.057 THE SHOP’S OWN PAGE SAID signInIsUp=true theyAreIn=false signInIsGone=false greetedByName=false
[7m[37m[1m LOG [22m[39m[27m [fayr-shop] 19:36:16.366 THE SHOP’S OWN PAGE SAID signInIsUp=true theyAreIn=false signInIsGone=false greetedByName=false
[7m[37m[1m LOG [22m[39m[27m [fayr-shop] 19:36:22.446 THE SHOP’S OWN PAGE SAID signInIsUp=false theyAreIn=false signInIsGone=true greetedByName=false
[7m[37m[1m LOG [22m[39m[27m [fayr-shop] 19:36:29.153 WENT TO url=https://www.zepto.com/pn/lakme-9-to-5-cc-cream-beige-with-3-niacinamide-complex-spf-30-pa/pvid/8dedc522-1b27-4396-883d-fc932f2922b0?cart=open title="Lakme 9 To 5 Cc Cream Beige With 3% Niacinamide Complex Spf 30 Pa++ - Buy at ₹357 Online | Instant Delivery - Zepto"
[7m[37m[1m LOG [22m[39m[27m [fayr-session] saved zepto: 22 cookies, 4780B
[7m[37m[1m LOG [22m[39m[27m [fayr-shop] 19:36:29.158 THE PAGE REPORTED url=https://www.zepto.com/pn/lakme-9-to-5-cc-cream-beige-with-3-niacinamide-complex-spf-30-pa/pvid/8dedc522-1b27-4396-883d-fc932f2922b0?cart=open title="Lakme 9 To 5 Cc Cream Beige With 3% Niacinamide Complex Spf 30 Pa++ - Buy at ₹366 Online | Instant Delivery - Zepto"
[7m[37m[1m LOG [22m[39m[27m [fayr-shop] 19:36:29.161 WHAT WE MAKE OF IT said=RIGHT rule="the title carries the whole product name" share=1 words=6/6 own=6 title="Lakme 9 To 5 Cc Cream Beige With 3% Niacinamide Complex Spf 30 Pa++ - Buy at ₹366 Online | Instant Delivery - Zepto"
[7m[37m[1m LOG [22m[39m[27m [fayr-shop] 19:36:29.161 ORDER? said=CANNOT_TELL rule="nothing on this page says an order was placed" title="Lakme 9 To 5 Cc Cream Beige With 3% Niacinamide Complex Spf 30 Pa++ - Buy at ₹366 Online | Instant Delivery - Zepto" url=https://www.zepto.com/pn/lakme-9-to-5-cc-cream-beige-with-3-niacinamide-complex-spf-30-pa/pvid/8dedc522-1b27-4396-883d-fc932f2922b0?cart=open
[7m[37m[1m LOG [22m[39m[27m [fayr-shop] 19:36:29.636 WENT TO url=https://www.zepto.com/pn/lakme-9-to-5-cc-cream-beige-with-3-niacinamide-complex-spf-30-pa/pvid/8dedc522-1b27-4396-883d-fc932f2922b0?cart=open title="Lakme 9 To 5 Cc Cream Beige With 3% Niacinamide Complex Spf 30 Pa++ - Buy at ₹366 Online | Instant Delivery - Zepto"
[7m[37m[1m LOG [22m[39m[27m [fayr-shop] 19:36:43.966 WENT TO url=https://www.zepto.com/pn/lakme-9-to-5-cc-cream-beige-with-3-niacinamide-complex-spf-30-pa/pvid/8dedc522-1b27-4396-883d-fc932f2922b0?cart=open title="Lakme 9 To 5 Cc Cream Beige With 3% Niacinamide Complex Spf 30 Pa++ - Buy at ₹366 Online | Instant Delivery - Zepto"
[7m[37m[1m LOG [22m[39m[27m [fayr-shop] 19:36:43.966 WENT TO url=https://www.zepto.com/pn/lakme-9-to-5-cc-cream-beige-with-3-niacinamide-complex-spf-30-pa/pvid/8dedc522-1b27-4396-883d-fc932f2922b0?cart=open title="Lakme 9 To 5 Cc Cream Beige With 3% Niacinamide Complex Spf 30 Pa++ - Buy at ₹366 Online | Instant Delivery - Zepto"
[7m[37m[1m LOG [22m[39m[27m [fayr-session] saved zepto: 23 cookies, 7112B
[7m[37m[1m LOG [22m[39m[27m [fayr-shop] 19:36:49.781 WENT TO url=https://www.zepto.com/pn/lakme-9-to-5-cc-cream-beige-with-3-niacinamide-complex-spf-30-pa/pvid/8dedc522-1b27-4396-883d-fc932f2922b0?cart=open title="Lakme 9 To 5 Cc Cream Beige With 3% Niacinamide Complex Spf 30 Pa++ - Buy at ₹366 Online | Instant Delivery - Zepto"
[7m[37m[1m LOG [22m[39m[27m [fayr-session] saved zepto: 23 cookies, 7112B
[7m[37m[1m LOG [22m[39m[27m [fayr-shop] 19:36:49.788 WENT TO url=https://www.zepto.com/pn/lakme-9-to-5-cc-cream-beige-with-3-niacinamide-complex-spf-30-pa/pvid/8dedc522-1b27-4396-883d-fc932f2922b0?cart=open title="Lakme 9 To 5 Cc Cream Beige With 3% Niacinamide Complex Spf 30 Pa++ - Buy at ₹366 Online | Instant Delivery - Zepto"
[7m[37m[1m LOG [22m[39m[27m [fayr-shop] 19:36:55.925 WENT TO url=https://www.zepto.com/pn/lakme-9-to-5-cc-cream-beige-with-3-niacinamide-complex-spf-30-pa/pvid/8dedc522-1b27-4396-883d-fc932f2922b0?cart=open&payment=open title="Lakme 9 To 5 Cc Cream Beige With 3% Niacinamide Complex Spf 30 Pa++ - Buy at ₹366 Online | Instant Delivery - Zepto"
[7m[37m[1m LOG [22m[39m[27m [fayr-shop] 19:36:55.925 THE PAGE REPORTED url=https://www.zepto.com/pn/lakme-9-to-5-cc-cream-beige-with-3-niacinamide-complex-spf-30-pa/pvid/8dedc522-1b27-4396-883d-fc932f2922b0?cart=open&payment=open title="Lakme 9 To 5 Cc Cream Beige With 3% Niacinamide Complex Spf 30 Pa++ - Buy at ₹366 Online | Instant Delivery - Zepto"
[7m[37m[1m LOG [22m[39m[27m [fayr-shop] 19:36:55.928 ORDER? said=CANNOT_TELL rule="nothing on this page says an order was placed" title="Lakme 9 To 5 Cc Cream Beige With 3% Niacinamide Complex Spf 30 Pa++ - Buy at ₹366 Online | Instant Delivery - Zepto" url=https://www.zepto.com/pn/lakme-9-to-5-cc-cream-beige-with-3-niacinamide-complex-spf-30-pa/pvid/8dedc522-1b27-4396-883d-fc932f2922b0?cart=open&payment=open
[7m[37m[1m LOG [22m[39m[27m [fayr-session] saved zepto: 23 cookies, 7112B
[7m[37m[1m LOG [22m[39m[27m [fayr-shop] 19:36:55.938 WENT TO url=https://www.zepto.com/pn/lakme-9-to-5-cc-cream-beige-with-3-niacinamide-complex-spf-30-pa/pvid/8dedc522-1b27-4396-883d-fc932f2922b0?cart=open&payment=open title="Lakme 9 To 5 Cc Cream Beige With 3% Niacinamide Complex Spf 30 Pa++ - Buy at ₹366 Online | Instant Delivery - Zepto"
[7m[37m[1m LOG [22m[39m[27m [fayr-shop] 19:37:01.637 NOT OURS TO LOAD scheme=bhim topFrame=yes url=bhim://upi//pay?tr=TdWixmcq9Nb6zI&pa=zeptomarketplaceprivat39.rzp@hdfcbank&mc=5411&pn=ZEPTOMARKETPLACEPRIVATELIMITED&am=366&cu=INR
[7m[37m[1m LOG [22m[39m[27m [fayr-shop] 19:37:01.638 WENT TO PAY scheme=bhim campaign=6f9fbd69-39bd-4e33-95a5-f635ebded712
[7m[37m[1m LOG [22m[39m[27m [fayr-shop] 19:37:20.205 WENT TO url=https://www.zepto.com/ProcessOrder?order_id=01a0b4d7-870c-7dca-b701-e038477c5106 title="Lakme 9 To 5 Cc Cream Beige With 3% Niacinamide Complex Spf 30 Pa++ - Buy at ₹366 Online | Instant Delivery - Zepto"
[7m[37m[1m LOG [22m[39m[27m [fayr-shop] 19:37:20.207 ORDER? said=CANNOT_TELL rule="nothing on this page says an order was placed" title="Lakme 9 To 5 Cc Cream Beige With 3% Niacinamide Complex Spf 30 Pa++ - Buy at ₹366 Online | Instant Delivery - Zepto" url=https://www.zepto.com/ProcessOrder?order_id=01a0b4d7-870c-7dca-b701-e038477c5106
[7m[37m[1m LOG [22m[39m[27m [fayr-session] saved zepto: 24 cookies, 7312B
[7m[37m[1m LOG [22m[39m[27m [fayr-shop] 19:37:20.321 CAME BACK away=18.7s
[7m[37m[1m LOG [22m[39m[27m [fayr-shop] 19:37:20.710 THE PAGE REPORTED url=https://www.zepto.com/ProcessOrder?order_id=01a0b4d7-870c-7dca-b701-e038477c5106 title="Everything delivered in minutes* | Zepto"
[7m[37m[1m LOG [22m[39m[27m [fayr-shop] 19:37:20.713 WHAT WE MAKE OF IT said=CANNOT_TELL rule="not enough of the words either way" share=0 words=0/6 own=1 title="Everything delivered in minutes* | Zepto"
[7m[37m[1m LOG [22m[39m[27m [fayr-shop] 19:37:20.714 ORDER? said=CANNOT_TELL rule="nothing on this page says an order was placed" title="Everything delivered in minutes* | Zepto" url=https://www.zepto.com/ProcessOrder?order_id=01a0b4d7-870c-7dca-b701-e038477c5106
[7m[37m[1m LOG [22m[39m[27m [fayr-shop] 19:37:20.802 WENT TO url=https://www.zepto.com/ProcessOrder?order_id=01a0b4d7-870c-7dca-b701-e038477c5106 title="Everything delivered in minutes* | Zepto"
[7m[37m[1m LOG [22m[39m[27m [fayr-shop] 19:37:21.044 THE SHOP’S OWN PAGE SAID signInIsUp=false theyAreIn=false signInIsGone=true greetedByName=false
[7m[37m[1m LOG [22m[39m[27m [fayr-shop] 19:37:21.190 WENT TO url=https://www.zepto.com/ProcessOrder?order_id=01a0b4d7-870c-7dca-b701-e038477c5106 title="Everything delivered in minutes* | Zepto"
[7m[37m[1m LOG [22m[39m[27m [fayr-shop] 19:37:24.285 WENT TO url=https://www.zepto.com/order/status/01a0b4d7-870c-7dca-b701-e038477c5106?referrer=home&from=ProcessOrder title="Everything delivered in minutes* | Zepto"
[7m[37m[1m LOG [22m[39m[27m [fayr-shop] 19:37:24.288 ORDER? said=NOT_PLACED rule="an order’s own page or the order list, not a new order" title="Everything delivered in minutes* | Zepto" url=https://www.zepto.com/order/status/01a0b4d7-870c-7dca-b701-e038477c5106?referrer=home&from=ProcessOrder
[7m[37m[1m LOG [22m[39m[27m [fayr-shop] 19:37:24.289 THE PAGE REPORTED url=https://www.zepto.com/order/status/01a0b4d7-870c-7dca-b701-e038477c5106?referrer=home&from=ProcessOrder title="none"
[7m[37m[1m LOG [22m[39m[27m [fayr-shop] 19:37:24.292 ORDER? said=NOT_PLACED rule="an order’s own page or the order list, not a new order" title="none" url=https://www.zepto.com/order/status/01a0b4d7-870c-7dca-b701-e038477c5106?referrer=home&from=ProcessOrder
[7m[37m[1m LOG [22m[39m[27m [fayr-session] saved zepto: 24 cookies, 7310B
[7m[37m[1m LOG [22m[39m[27m [fayr-shop] 19:37:24.297 WENT TO url=https://www.zepto.com/order/status/01a0b4d7-870c-7dca-b701-e038477c5106?referrer=home&from=ProcessOrder title="none"
[7m[37m[1m LOG [22m[39m[27m [fayr-shop] 19:37:24.674 THE SHOP’S OWN PAGE SAID signInIsUp=false theyAreIn=false signInIsGone=true greetedByName=false
[7m[37m[1m LOG [22m[39m[27m [fayr-shop] 19:37:37.304 WENT TO url=https://www.zeptonow.com/FaqList?orderId=01a0b4d7-870c-7dca-b701-e038477c5106&orderCode=OGGHJGSNO04081 title="Everything delivered in minutes* | Zepto"
[7m[37m[1m LOG [22m[39m[27m [fayr-session] saved zepto: 24 cookies, 7357B
[7m[37m[1m LOG [22m[39m[27m [fayr-shop] 19:37:37.663 THE PAGE REPORTED url=https://www.zeptonow.com/FaqList?orderId=01a0b4d7-870c-7dca-b701-e038477c5106&orderCode=OGGHJGSNO04081 title="none"
[7m[37m[1m LOG [22m[39m[27m [fayr-shop] 19:37:37.663 WENT TO url=https://www.zeptonow.com/FaqList?orderId=01a0b4d7-870c-7dca-b701-e038477c5106&orderCode=OGGHJGSNO04081 title="none"
[7m[37m[1m LOG [22m[39m[27m [fayr-shop] 19:37:37.665 ORDER? said=CANNOT_TELL rule="nothing on this page says an order was placed" title="none" url=https://www.zeptonow.com/FaqList?orderId=01a0b4d7-870c-7dca-b701-e038477c5106&orderCode=OGGHJGSNO04081
[7m[37m[1m LOG [22m[39m[27m [fayr-shop] 19:37:37.860 WENT TO url=https://www.zeptonow.com/FaqList?orderId=01a0b4d7-870c-7dca-b701-e038477c5106&orderCode=OGGHJGSNO04081 title="none"
[7m[37m[1m LOG [22m[39m[27m [fayr-shop] 19:37:37.896 WENT TO url=https://www.zepto.com/FaqList?orderId=01a0b4d7-870c-7dca-b701-e038477c5106&orderCode=OGGHJGSNO04081 title="none"
[7m[37m[1m LOG [22m[39m[27m [fayr-shop] 19:37:37.964 THE SHOP’S OWN PAGE SAID signInIsUp=false theyAreIn=false signInIsGone=true greetedByName=false
[7m[37m[1m LOG [22m[39m[27m [fayr-shop] 19:37:38.065 THE SHOP ANSWERED WITH AN ERROR where=onHttpError status=404
[7m[37m[1m LOG [22m[39m[27m [fayr-shop] 19:37:38.112 THE PAGE REPORTED url=https://www.zepto.com/FaqList?orderId=01a0b4d7-870c-7dca-b701-e038477c5106&orderCode=OGGHJGSNO04081 title="404: This page could not be found."
[7m[37m[1m LOG [22m[39m[27m [fayr-shop] 19:37:38.117 WHAT WE MAKE OF IT said=WRONG rule="the title has its own words and almost none of ours" share=0 words=0/6 own=4 title="404: This page could not be found."
[7m[37m[1m LOG [22m[39m[27m [fayr-shop] 19:37:38.118 ORDER? said=CANNOT_TELL rule="nothing on this page says an order was placed" title="404: This page could not be found." url=https://www.zepto.com/FaqList?orderId=01a0b4d7-870c-7dca-b701-e038477c5106&orderCode=OGGHJGSNO04081
[7m[37m[1m LOG [22m[39m[27m [fayr-shop] 19:37:38.188 WENT TO url=https://www.zepto.com/FaqList?orderId=01a0b4d7-870c-7dca-b701-e038477c5106&orderCode=OGGHJGSNO04081 title="404: This page could not be found."
[7m[37m[1m LOG [22m[39m[27m [fayr-shop] 19:37:38.413 THE SHOP’S OWN PAGE SAID signInIsUp=false theyAreIn=false signInIsGone=true greetedByName=false
[7m[37m[1m LOG [22m[39m[27m [fayr-shop] 19:37:38.918 WENT TO url=https://www.zepto.com/FaqList?orderId=01a0b4d7-870c-7dca-b701-e038477c5106&orderCode=OGGHJGSNO04081 title="404: This page could not be found."
[7m[37m[1m LOG [22m[39m[27m [fayr-session] saved zepto: 24 cookies, 7357B
[7m[37m[1m LOG [22m[39m[27m [fayr-shop] 19:37:42.382 WENT TO url=https://www.zepto.com/order/status/01a0b4d7-870c-7dca-b701-e038477c5106?referrer=home&from=ProcessOrder title="404: This page could not be found."
[7m[37m[1m LOG [22m[39m[27m [fayr-shop] 19:37:42.391 ORDER? said=NOT_PLACED rule="an order’s own page or the order list, not a new order" title="404: This page could not be found." url=https://www.zepto.com/order/status/01a0b4d7-870c-7dca-b701-e038477c5106?referrer=home&from=ProcessOrder
[7m[37m[1m LOG [22m[39m[27m [fayr-session] saved zepto: 24 cookies, 7357B
[7m[37m[1m LOG [22m[39m[27m [fayr-shop] 19:37:42.595 THE PAGE REPORTED url=https://www.zepto.com/order/status/01a0b4d7-870c-7dca-b701-e038477c5106?referrer=home&from=ProcessOrder title="Everything delivered in minutes* | Zepto"
[7m[37m[1m LOG [22m[39m[27m [fayr-shop] 19:37:42.599 WHAT WE MAKE OF IT said=CANNOT_TELL rule="not enough of the words either way" share=0 words=0/6 own=1 title="Everything delivered in minutes* | Zepto"
[7m[37m[1m LOG [22m[39m[27m [fayr-shop] 19:37:42.600 ORDER? said=NOT_PLACED rule="an order’s own page or the order list, not a new order" title="Everything delivered in minutes* | Zepto" url=https://www.zepto.com/order/status/01a0b4d7-870c-7dca-b701-e038477c5106?referrer=home&from=ProcessOrder
[7m[37m[1m LOG [22m[39m[27m [fayr-shop] 19:37:42.648 WENT TO url=https://www.zepto.com/order/status/01a0b4d7-870c-7dca-b701-e038477c5106?referrer=home&from=ProcessOrder title="Everything delivered in minutes* | Zepto"
[7m[37m[1m LOG [22m[39m[27m [fayr-shop] 19:37:42.711 WENT TO url=https://www.zepto.com/order/status/01a0b4d7-870c-7dca-b701-e038477c5106?referrer=home&from=ProcessOrder title="Everything delivered in minutes* | Zepto"
[7m[37m[1m LOG [22m[39m[27m [fayr-shop] 19:37:42.931 THE SHOP’S OWN PAGE SAID signInIsUp=false theyAreIn=false signInIsGone=true greetedByName=false
[7m[37m[1m LOG [22m[39m[27m [fayr-shop] 19:37:45.169 WENT TO url=https://www.zepto.com/account/support/01a0b4d7-870c-7dca-b701-e038477c5106?order-related-faq=true title="Everything delivered in minutes* | Zepto"
[7m[37m[1m LOG [22m[39m[27m [fayr-shop] 19:37:45.172 ORDER? said=CANNOT_TELL rule="nothing on this page says an order was placed" title="Everything delivered in minutes* | Zepto" url=https://www.zepto.com/account/support/01a0b4d7-870c-7dca-b701-e038477c5106?order-related-faq=true
[7m[37m[1m LOG [22m[39m[27m [fayr-shop] 19:37:45.173 THE PAGE REPORTED url=https://www.zepto.com/account/support/01a0b4d7-870c-7dca-b701-e038477c5106?order-related-faq=true title="none"
[7m[37m[1m LOG [22m[39m[27m [fayr-shop] 19:37:45.178 ORDER? said=CANNOT_TELL rule="nothing on this page says an order was placed" title="none" url=https://www.zepto.com/account/support/01a0b4d7-870c-7dca-b701-e038477c5106?order-related-faq=true
[7m[37m[1m LOG [22m[39m[27m [fayr-session] saved zepto: 24 cookies, 7357B
[7m[37m[1m LOG [22m[39m[27m [fayr-shop] 19:37:45.641 THE SHOP’S OWN PAGE SAID signInIsUp=false theyAreIn=false signInIsGone=true greetedByName=false
[7m[37m[1m LOG [22m[39m[27m [fayr-shop] 19:37:48.103 WENT TO url=https://www.zepto.com/account/support/01a0b4d7-870c-7dca-b701-e038477c5106/details/d18cc12c-45be-43c1-9614-aa0a4855523a?order-related-faq=true title="Everything delivered in minutes* | Zepto"
[7m[37m[1m LOG [22m[39m[27m [fayr-shop] 19:37:48.103 THE PAGE REPORTED url=https://www.zepto.com/account/support/01a0b4d7-870c-7dca-b701-e038477c5106/details/d18cc12c-45be-43c1-9614-aa0a4855523a?order-related-faq=true title="none"
[7m[37m[1m LOG [22m[39m[27m [fayr-shop] 19:37:48.112 ORDER? said=CANNOT_TELL rule="nothing on this page says an order was placed" title="none" url=https://www.zepto.com/account/support/01a0b4d7-870c-7dca-b701-e038477c5106/details/d18cc12c-45be-43c1-9614-aa0a4855523a?order-related-faq=true
[7m[37m[1m LOG [22m[39m[27m [fayr-session] saved zepto: 24 cookies, 7365B
[7m[37m[1m LOG [22m[39m[27m [fayr-shop] 19:37:48.381 THE SHOP’S OWN PAGE SAID signInIsUp=false theyAreIn=false signInIsGone=true greetedByName=false
[7m[37m[1m LOG [22m[39m[27m [fayr-shop] 19:37:52.427 WENT TO url=https://www.zepto.com/account/support/01a0b4d7-870c-7dca-b701-e038477c5106?order-related-faq=true title="Everything delivered in minutes* | Zepto"
[7m[37m[1m LOG [22m[39m[27m [fayr-shop] 19:37:52.427 THE PAGE REPORTED url=https://www.zepto.com/account/support/01a0b4d7-870c-7dca-b701-e038477c5106?order-related-faq=true title="Everything delivered in minutes* | Zepto"
[7m[37m[1m LOG [22m[39m[27m [fayr-shop] 19:37:52.428 WENT TO url=https://www.zepto.com/account/support/01a0b4d7-870c-7dca-b701-e038477c5106?order-related-faq=true title="Everything delivered in minutes* | Zepto"
[7m[37m[1m LOG [22m[39m[27m [fayr-shop] 19:37:52.434 ORDER? said=CANNOT_TELL rule="nothing on this page says an order was placed" title="Everything delivered in minutes* | Zepto" url=https://www.zepto.com/account/support/01a0b4d7-870c-7dca-b701-e038477c5106?order-related-faq=true
[7m[37m[1m LOG [22m[39m[27m [fayr-session] saved zepto: 24 cookies, 7365B
[7m[37m[1m LOG [22m[39m[27m [fayr-shop] 19:37:52.941 THE SHOP’S OWN PAGE SAID signInIsUp=false theyAreIn=false signInIsGone=true greetedByName=false
[7m[37m[1m LOG [22m[39m[27m [fayr-shop] 19:37:56.512 WENT TO url=https://www.zepto.com/order/status/01a0b4d7-870c-7dca-b701-e038477c5106?referrer=home&from=ProcessOrder title="Everything delivered in minutes* | Zepto"
[7m[37m[1m LOG [22m[39m[27m [fayr-shop] 19:37:56.512 THE PAGE REPORTED url=https://www.zepto.com/order/status/01a0b4d7-870c-7dca-b701-e038477c5106?referrer=home&from=ProcessOrder title="Everything delivered in minutes* | Zepto"
[7m[37m[1m LOG [22m[39m[27m [fayr-shop] 19:37:56.517 ORDER? said=NOT_PLACED rule="an order’s own page or the order list, not a new order" title="Everything delivered in minutes* | Zepto" url=https://www.zepto.com/order/status/01a0b4d7-870c-7dca-b701-e038477c5106?referrer=home&from=ProcessOrder
[7m[37m[1m LOG [22m[39m[27m [fayr-shop] 19:37:56.518 WENT TO url=https://www.zepto.com/order/status/01a0b4d7-870c-7dca-b701-e038477c5106?referrer=home&from=ProcessOrder title="Everything delivered in minutes* | Zepto"
[7m[37m[1m LOG [22m[39m[27m [fayr-session] saved zepto: 24 cookies, 7365B
[7m[37m[1m LOG [22m[39m[27m [fayr-shop] 19:37:56.891 THE SHOP’S OWN PAGE SAID signInIsUp=false theyAreIn=false signInIsGone=true greetedByName=false
[7m[37m[1m LOG [22m[39m[27m [fayr-shop] 19:38:07.438 WENT TO url=https://www.zepto.com/ title="Everything delivered in minutes* | Zepto"
[7m[37m[1m LOG [22m[39m[27m [fayr-shop] 19:38:07.440 ORDER? said=CANNOT_TELL rule="nothing on this page says an order was placed" title="Everything delivered in minutes* | Zepto" url=https://www.zepto.com/
[7m[37m[1m LOG [22m[39m[27m [fayr-shop] 19:38:07.440 THE PAGE REPORTED url=https://www.zepto.com/ title="none"
[7m[37m[1m LOG [22m[39m[27m [fayr-shop] 19:38:07.442 ORDER? said=CANNOT_TELL rule="nothing on this page says an order was placed" title="none" url=https://www.zepto.com/
[7m[37m[1m LOG [22m[39m[27m [fayr-session] saved zepto: 24 cookies, 7357B
[7m[37m[1m LOG [22m[39m[27m [fayr-shop] 19:38:07.838 THE SHOP’S OWN PAGE SAID signInIsUp=false theyAreIn=false signInIsGone=true greetedByName=false
[7m[37m[1m LOG [22m[39m[27m [fayr-shop] 19:38:09.759 HANDING OVER to=LookingForIt campaign=6f9fbd69-39bd-4e33-95a5-f635ebded712
[7m[37m[1m LOG [22m[39m[27m [fayr-session] saved zepto: 24 cookies, 7357B
[7m[37m[1m LOG [22m[39m[27m [fayr-session] saved zepto: 24 cookies, 7357B
[7m[37m[1m LOG [22m[39m[27m [fayr-session] restore zepto: filled 0/0 missing cookie(s)
[7m[37m[1m LOG [22m[39m[27m [fayr-look] 19:38:11.023 list status=200 bytes=378948 landed=/account/orders looked=true whyNot=null wantsSignIn=false drawn=true drew=true settled=true waited=1143 looks=4 rows=8/0 nodes=186/404 strangers=0
[7m[37m[1m LOG [22m[39m[27m [fayr-look] 19:38:11.031 numbers slots=0 marked=0 linked=7 shaped=0 skipped=0 opening=7 named=false searched=0 how=link
[7m[37m[1m LOG [22m[39m[27m [fayr-look] 19:38:11.164 shape bytes=378948 tags=353 attrNames=47 dataShapes=3
[7m[37m[1m LOG [22m[39m[27m [fayr-look] 19:38:11.164 shape words order-card=0 yourorders=0 orderCard=0 order-info=0 a-box-group=0 your-orders=0
[7m[37m[1m LOG [22m[39m[27m [fayr-look] 19:38:11.165 shape names class(209) href(76) rel(68) media(44) height(37) style(37) width(37) content(36) fetchpriority(28) sizes(28) alt(27) data-nimg(27) decoding(27) loading(27) name(27) src(27) srcset(27) stroke(19) stroke-linecap(19) stroke-linejoin(19) stroke-width(19) type(16) x1(16) x2(16) y1(16) y2(16) aria-label(11) as(11) fill(10) viewbox(10) xmlns(10) property(9) tabindex(8) role(7) data-precedence(6) crossorigin(5) id(5) d(3) aria-atomic(1) aria-hidden(1)
[7m[37m[1m LOG [22m[39m[27m [fayr-look] 19:38:11.165 shape shape 27x data-nimg="#"
[7m[37m[1m LOG [22m[39m[27m [fayr-look] 19:38:11.165 shape shape 6x data-precedence="next"
[7m[37m[1m LOG [22m[39m[27m [fayr-look] 19:38:11.165 shape shape 1x data-idle="true"
[7m[37m[1m LOG [22m[39m[27m [fayr-look] 19:38:11.251 rows sightings=0 text=0 attr=0 inCode=0 distinct=0
[7m[37m[1m LOG [22m[39m[27m [fayr-look] 19:38:12.428 detail n=1 status=200 bytes=361845 landed=/order/<order> looked=true whyNot=null wantsSignIn=false
[7m[37m[1m LOG [22m[39m[27m [fayr-look] 19:38:12.630 post pages=1 ok=true status=200 matched=0 why=null
[7m[37m[1m LOG [22m[39m[27m [fayr-look] 19:38:13.789 detail n=2 status=200 bytes=368355 landed=/order/<order> looked=true whyNot=null wantsSignIn=false
[7m[37m[1m LOG [22m[39m[27m [fayr-look] 19:38:13.853 post pages=2 ok=true status=200 matched=0 why=null
[7m[37m[1m LOG [22m[39m[27m [fayr-look] 19:38:15.869 detail n=3 status=200 bytes=365063 landed=/order/<order> looked=true whyNot=null wantsSignIn=false
[7m[37m[1m LOG [22m[39m[27m [fayr-look] 19:38:15.934 post pages=3 ok=true status=200 matched=0 why=null
[7m[37m[1m LOG [22m[39m[27m [fayr-look] 19:38:17.176 detail n=4 status=200 bytes=371547 landed=/order/<order> looked=true whyNot=null wantsSignIn=false
[7m[37m[1m LOG [22m[39m[27m [fayr-look] 19:38:17.239 post pages=4 ok=true status=200 matched=0 why=null
[7m[37m[1m LOG [22m[39m[27m [fayr-look] 19:38:18.354 detail n=5 status=200 bytes=363282 landed=/order/<order> looked=true whyNot=null wantsSignIn=false
[7m[37m[1m LOG [22m[39m[27m [fayr-look] 19:38:18.505 post pages=5 ok=true status=200 matched=0 why=null
[7m[37m[1m LOG [22m[39m[27m [fayr-look] 19:38:19.656 detail n=6 status=200 bytes=363033 landed=/order/<order> looked=true whyNot=null wantsSignIn=false
[7m[37m[1m LOG [22m[39m[27m [fayr-look] 19:38:19.713 post pages=6 ok=true status=200 matched=0 why=null
[7m[37m[1m LOG [22m[39m[27m [fayr-look] 19:38:20.918 detail n=7 status=200 bytes=366482 landed=/order/<order> looked=true whyNot=null wantsSignIn=false
[7m[37m[1m LOG [22m[39m[27m [fayr-look] 19:38:21.067 post pages=7 ok=true status=200 matched=0 why=null
[7m[37m[1m LOG [22m[39m[27m [fayr-shop] 19:38:25.467 SESSION STARTED shop=zepto campaign=6f9fbd69-39bd-4e33-95a5-f635ebded712 landed=shop product="Lakme 9 To 5 Cc Cream Beige With 3% Niacinamide Complex Spf 30 Pa++" keyword="lakme cc cream" at=https://www.zepto.com/
[7m[37m[1m LOG [22m[39m[27m [fayr-session] restore zepto: filled 0/0 missing cookie(s)
[7m[37m[1m LOG [22m[39m[27m [fayr-shop] 19:38:25.536 WENT TO url=https://www.zepto.com/ title="none"
[7m[37m[1m LOG [22m[39m[27m [fayr-session] saved zepto: 24 cookies, 7359B
[7m[37m[1m LOG [22m[39m[27m [fayr-shop] 19:38:26.750 THE PAGE REPORTED url=https://www.zepto.com/ title="Zepto: Online Grocery Delivery App - Groceries in Minutes"
[7m[37m[1m LOG [22m[39m[27m [fayr-shop] 19:38:26.754 WHAT WE MAKE OF IT said=CANNOT_TELL rule="the title is only the shop’s own words" share=0 words=0/6 own=0 title="Zepto: Online Grocery Delivery App - Groceries in Minutes"
[7m[37m[1m LOG [22m[39m[27m [fayr-shop] 19:38:26.755 ORDER? said=CANNOT_TELL rule="nothing on this page says an order was placed" title="Zepto: Online Grocery Delivery App - Groceries in Minutes" url=https://www.zepto.com/
[7m[37m[1m LOG [22m[39m[27m [fayr-shop] 19:38:26.845 WENT TO url=https://www.zepto.com/ title="Zepto: Online Grocery Delivery App - Groceries in Minutes"
[7m[37m[1m LOG [22m[39m[27m [fayr-shop] 19:38:26.901 WENT TO url=https://www.zepto.com/ title="Zepto: Online Grocery Delivery App - Groceries in Minutes"
[7m[37m[1m LOG [22m[39m[27m [fayr-shop] 19:38:29.420 WENT TO url=https://www.zepto.com/order/status/01a0b4d7-870c-7dca-b701-e038477c5106 title="Zepto: Online Grocery Delivery App - Groceries in Minutes"
[7m[37m[1m LOG [22m[39m[27m [fayr-shop] 19:38:29.423 ORDER? said=NOT_PLACED rule="an order’s own page or the order list, not a new order" title="Zepto: Online Grocery Delivery App - Groceries in Minutes" url=https://www.zepto.com/order/status/01a0b4d7-870c-7dca-b701-e038477c5106
[7m[37m[1m LOG [22m[39m[27m [fayr-session] saved zepto: 24 cookies, 7355B
[7m[37m[1m LOG [22m[39m[27m [fayr-shop] 19:38:29.425 THE PAGE REPORTED url=https://www.zepto.com/order/status/01a0b4d7-870c-7dca-b701-e038477c5106 title="none"
[7m[37m[1m LOG [22m[39m[27m [fayr-shop] 19:38:29.428 ORDER? said=NOT_PLACED rule="an order’s own page or the order list, not a new order" title="none" url=https://www.zepto.com/order/status/01a0b4d7-870c-7dca-b701-e038477c5106
[7m[37m[1m LOG [22m[39m[27m [fayr-shop] 19:38:34.343 WENT TO url=https://www.zepto.com/account/support/01a0b4d7-870c-7dca-b701-e038477c5106?order-related-faq=true title="Everything delivered in minutes* | Zepto"
[7m[37m[1m LOG [22m[39m[27m [fayr-shop] 19:38:34.346 WHAT WE MAKE OF IT said=CANNOT_TELL rule="not enough of the words either way" share=0 words=0/6 own=1 title="Everything delivered in minutes* | Zepto"
[7m[37m[1m LOG [22m[39m[27m [fayr-shop] 19:38:34.346 ORDER? said=CANNOT_TELL rule="nothing on this page says an order was placed" title="Everything delivered in minutes* | Zepto" url=https://www.zepto.com/account/support/01a0b4d7-870c-7dca-b701-e038477c5106?order-related-faq=true
[7m[37m[1m LOG [22m[39m[27m [fayr-shop] 19:38:34.347 THE PAGE REPORTED url=https://www.zepto.com/account/support/01a0b4d7-870c-7dca-b701-e038477c5106?order-related-faq=true title="none"
[7m[37m[1m LOG [22m[39m[27m [fayr-shop] 19:38:34.349 ORDER? said=CANNOT_TELL rule="nothing on this page says an order was placed" title="none" url=https://www.zepto.com/account/support/01a0b4d7-870c-7dca-b701-e038477c5106?order-related-faq=true
[7m[37m[1m LOG [22m[39m[27m [fayr-session] saved zepto: 24 cookies, 7355B
[7m[37m[1m LOG [22m[39m[27m [fayr-shop] 19:38:35.444 WENT TO url=https://www.zepto.com/order/status/01a0b4d7-870c-7dca-b701-e038477c5106 title="Everything delivered in minutes* | Zepto"
[7m[37m[1m LOG [22m[39m[27m [fayr-shop] 19:38:35.444 THE PAGE REPORTED url=https://www.zepto.com/order/status/01a0b4d7-870c-7dca-b701-e038477c5106 title="Everything delivered in minutes* | Zepto"
[7m[37m[1m LOG [22m[39m[27m [fayr-shop] 19:38:35.444 WENT TO url=https://www.zepto.com/order/status/01a0b4d7-870c-7dca-b701-e038477c5106 title="Everything delivered in minutes* | Zepto"
[7m[37m[1m LOG [22m[39m[27m [fayr-shop] 19:38:35.448 ORDER? said=NOT_PLACED rule="an order’s own page or the order list, not a new order" title="Everything delivered in minutes* | Zepto" url=https://www.zepto.com/order/status/01a0b4d7-870c-7dca-b701-e038477c5106
[7m[37m[1m LOG [22m[39m[27m [fayr-shop] 19:38:37.074 WENT TO url=https://www.zepto.com/order/01a0b4d7-870c-7dca-b701-e038477c5106?child=true title="none"
[7m[37m[1m LOG [22m[39m[27m [fayr-shop] 19:38:37.074 THE PAGE REPORTED url=https://www.zepto.com/order/01a0b4d7-870c-7dca-b701-e038477c5106?child=true title="none"
[7m[37m[1m LOG [22m[39m[27m [fayr-shop] 19:38:37.077 ORDER? said=NOT_PLACED rule="an order’s own page or the order list, not a new order" title="none" url=https://www.zepto.com/order/01a0b4d7-870c-7dca-b701-e038477c5106?child=true
[7m[37m[1m LOG [22m[39m[27m [fayr-session] saved zepto: 24 cookies, 7357B
[7m[37m[1m LOG [22m[39m[27m [fayr-shop] 19:38:44.271 HANDING OVER to=LookingForIt campaign=6f9fbd69-39bd-4e33-95a5-f635ebded712
[7m[37m[1m LOG [22m[39m[27m [fayr-session] saved zepto: 24 cookies, 7357B
[7m[37m[1m LOG [22m[39m[27m [fayr-session] saved zepto: 24 cookies, 7357B
[7m[37m[1m LOG [22m[39m[27m [fayr-session] restore zepto: filled 0/0 missing cookie(s)
[7m[37m[1m LOG [22m[39m[27m [fayr-look] 19:38:45.486 list status=200 bytes=380987 landed=/account/orders looked=true whyNot=null wantsSignIn=false drawn=true drew=true settled=true waited=1126 looks=4 rows=8/0 nodes=186/418 strangers=0
[7m[37m[1m LOG [22m[39m[27m [fayr-look] 19:38:45.493 numbers slots=0 marked=0 linked=7 shaped=0 skipped=0 opening=7 named=false searched=0 how=link
[7m[37m[1m LOG [22m[39m[27m [fayr-look] 19:38:45.677 shape bytes=380987 tags=353 attrNames=47 dataShapes=3
[7m[37m[1m LOG [22m[39m[27m [fayr-look] 19:38:45.677 shape words order-card=0 yourorders=0 orderCard=0 order-info=0 a-box-group=0 your-orders=0
[7m[37m[1m LOG [22m[39m[27m [fayr-look] 19:38:45.677 shape names class(209) href(76) rel(68) media(44) height(37) style(37) width(37) content(36) fetchpriority(28) sizes(28) alt(27) data-nimg(27) decoding(27) loading(27) name(27) src(27) srcset(27) stroke(19) stroke-linecap(19) stroke-linejoin(19) stroke-width(19) type(16) x1(16) x2(16) y1(16) y2(16) aria-label(11) as(11) fill(10) viewbox(10) xmlns(10) property(9) tabindex(8) role(7) data-precedence(6) crossorigin(5) id(5) d(3) aria-atomic(1) aria-hidden(1)
[7m[37m[1m LOG [22m[39m[27m [fayr-look] 19:38:45.677 shape shape 27x data-nimg="#"
[7m[37m[1m LOG [22m[39m[27m [fayr-look] 19:38:45.677 shape shape 6x data-precedence="next"
[7m[37m[1m LOG [22m[39m[27m [fayr-look] 19:38:45.677 shape shape 1x data-idle="true"
[7m[37m[1m LOG [22m[39m[27m [fayr-look] 19:38:45.789 rows sightings=0 text=0 attr=0 inCode=0 distinct=0
[7m[37m[1m LOG [22m[39m[27m [fayr-look] 19:38:46.905 detail n=1 status=200 bytes=361846 landed=/order/<order> looked=true whyNot=null wantsSignIn=false
[7m[37m[1m LOG [22m[39m[27m [fayr-look] 19:38:46.968 post pages=1 ok=true status=200 matched=0 why=null
[7m[37m[1m LOG [22m[39m[27m [fayr-look] 19:38:48.109 detail n=2 status=200 bytes=368355 landed=/order/<order> looked=true whyNot=null wantsSignIn=false
[7m[37m[1m LOG [22m[39m[27m [fayr-look] 19:38:48.161 post pages=2 ok=true status=200 matched=0 why=null
[7m[37m[1m LOG [22m[39m[27m [fayr-look] 19:38:49.289 detail n=3 status=200 bytes=365063 landed=/order/<order> looked=true whyNot=null wantsSignIn=false
[7m[37m[1m LOG [22m[39m[27m [fayr-look] 19:38:49.332 post pages=3 ok=true status=200 matched=0 why=null
[7m[37m[1m LOG [22m[39m[27m [fayr-look] 19:38:50.522 detail n=4 status=200 bytes=371547 landed=/order/<order> looked=true whyNot=null wantsSignIn=false
[7m[37m[1m LOG [22m[39m[27m [fayr-look] 19:38:50.560 post pages=4 ok=true status=200 matched=0 why=null
[7m[37m[1m LOG [22m[39m[27m [fayr-look] 19:38:51.671 detail n=5 status=200 bytes=363283 landed=/order/<order> looked=true whyNot=null wantsSignIn=false
[7m[37m[1m LOG [22m[39m[27m [fayr-look] 19:38:51.701 post pages=5 ok=true status=200 matched=0 why=null
[7m[37m[1m LOG [22m[39m[27m [fayr-look] 19:38:52.565 detail n=6 status=200 bytes=356959 landed=/order/<order> looked=false whyNot=null wantsSignIn=false
[7m[37m[1m LOG [22m[39m[27m [fayr-look] 19:38:53.839 detail n=7 status=200 bytes=366482 landed=/order/<order> looked=true whyNot=null wantsSignIn=false
[7m[37m[1m LOG [22m[39m[27m [fayr-look] 19:38:53.926 post pages=6 ok=true status=200 matched=0 why=null
[7m[37m[1m LOG [22m[39m[27m [fayr-shop] 19:39:17.830 SESSION STARTED shop=zepto campaign=6f9fbd69-39bd-4e33-95a5-f635ebded712 landed=shop product="Lakme 9 To 5 Cc Cream Beige With 3% Niacinamide Complex Spf 30 Pa++" keyword="lakme cc cream" at=https://www.zepto.com/
[7m[37m[1m LOG [22m[39m[27m [fayr-session] restore zepto: filled 0/0 missing cookie(s)
[7m[37m[1m LOG [22m[39m[27m [fayr-shop] 19:39:17.882 WENT TO url=https://www.zepto.com/ title="none"
[7m[37m[1m LOG [22m[39m[27m [fayr-session] saved zepto: 24 cookies, 7359B
[7m[37m[1m LOG [22m[39m[27m [fayr-shop] 19:39:18.359 THE PAGE REPORTED url=https://www.zepto.com/ title="Zepto: Online Grocery Delivery App - Groceries in Minutes"
[7m[37m[1m LOG [22m[39m[27m [fayr-shop] 19:39:18.365 WHAT WE MAKE OF IT said=CANNOT_TELL rule="the title is only the shop’s own words" share=0 words=0/6 own=0 title="Zepto: Online Grocery Delivery App - Groceries in Minutes"
[7m[37m[1m LOG [22m[39m[27m [fayr-shop] 19:39:18.366 ORDER? said=CANNOT_TELL rule="nothing on this page says an order was placed" title="Zepto: Online Grocery Delivery App - Groceries in Minutes" url=https://www.zepto.com/
[7m[37m[1m LOG [22m[39m[27m [fayr-shop] 19:39:18.477 WENT TO url=https://www.zepto.com/ title="Zepto: Online Grocery Delivery App - Groceries in Minutes"
[7m[37m[1m LOG [22m[39m[27m [fayr-shop] 19:39:18.536 WENT TO url=https://www.zepto.com/ title="Zepto: Online Grocery Delivery App - Groceries in Minutes"
[7m[37m[1m LOG [22m[39m[27m [fayr-shop] 19:39:33.722 WENT TO url=https://www.zepto.com/order/status/01a0b4d7-870c-7dca-b701-e038477c5106 title="none"
[7m[37m[1m LOG [22m[39m[27m [fayr-shop] 19:39:33.722 THE PAGE REPORTED url=https://www.zepto.com/order/status/01a0b4d7-870c-7dca-b701-e038477c5106 title="none"
[7m[37m[1m LOG [22m[39m[27m [fayr-shop] 19:39:33.727 ORDER? said=NOT_PLACED rule="an order’s own page or the order list, not a new order" title="none" url=https://www.zepto.com/order/status/01a0b4d7-870c-7dca-b701-e038477c5106
[7m[37m[1m LOG [22m[39m[27m [fayr-session] saved zepto: 24 cookies, 7354B
[7m[37m[1m LOG [22m[39m[27m [fayr-shop] 19:40:00.897 WENT TO url=https://www.zepto.com/account/support/01a0b4d7-870c-7dca-b701-e038477c5106?order-related-faq=true title="Everything delivered in minutes* | Zepto"
[7m[37m[1m LOG [22m[39m[27m [fayr-shop] 19:40:00.900 WHAT WE MAKE OF IT said=CANNOT_TELL rule="not enough of the words either way" share=0 words=0/6 own=1 title="Everything delivered in minutes* | Zepto"
[7m[37m[1m LOG [22m[39m[27m [fayr-shop] 19:40:00.901 ORDER? said=CANNOT_TELL rule="nothing on this page says an order was placed" title="Everything delivered in minutes* | Zepto" url=https://www.zepto.com/account/support/01a0b4d7-870c-7dca-b701-e038477c5106?order-related-faq=true
[7m[37m[1m LOG [22m[39m[27m [fayr-shop] 19:40:00.901 THE PAGE REPORTED url=https://www.zepto.com/account/support/01a0b4d7-870c-7dca-b701-e038477c5106?order-related-faq=true title="none"
[7m[37m[1m LOG [22m[39m[27m [fayr-shop] 19:40:00.904 ORDER? said=CANNOT_TELL rule="nothing on this page says an order was placed" title="none" url=https://www.zepto.com/account/support/01a0b4d7-870c-7dca-b701-e038477c5106?order-related-faq=true
[7m[37m[1m LOG [22m[39m[27m [fayr-session] saved zepto: 24 cookies, 7355B
[7m[37m[1m LOG [22m[39m[27m [fayr-shop] 19:40:04.193 WENT TO url=https://www.zepto.com/account/support/01a0b4d7-870c-7dca-b701-e038477c5106/details/58aff1b1-5c1e-4176-9a20-643e1be4d3ca?order-related-faq=true title="Everything delivered in minutes* | Zepto"
[7m[37m[1m LOG [22m[39m[27m [fayr-shop] 19:40:04.193 THE PAGE REPORTED url=https://www.zepto.com/account/support/01a0b4d7-870c-7dca-b701-e038477c5106/details/58aff1b1-5c1e-4176-9a20-643e1be4d3ca?order-related-faq=true title="Everything delivered in minutes* | Zepto"
[7m[37m[1m LOG [22m[39m[27m [fayr-shop] 19:40:04.200 ORDER? said=CANNOT_TELL rule="nothing on this page says an order was placed" title="Everything delivered in minutes* | Zepto" url=https://www.zepto.com/account/support/01a0b4d7-870c-7dca-b701-e038477c5106/details/58aff1b1-5c1e-4176-9a20-643e1be4d3ca?order-related-faq=true
[7m[37m[1m LOG [22m[39m[27m [fayr-session] saved zepto: 24 cookies, 7359B
[7m[37m[1m LOG [22m[39m[27m [fayr-shop] 19:40:08.175 WENT TO url=https://www.zepto.com/account/support/01a0b4d7-870c-7dca-b701-e038477c5106?order-related-faq=true title="Everything delivered in minutes* | Zepto"
[7m[37m[1m LOG [22m[39m[27m [fayr-shop] 19:40:08.175 THE PAGE REPORTED url=https://www.zepto.com/account/support/01a0b4d7-870c-7dca-b701-e038477c5106?order-related-faq=true title="Everything delivered in minutes* | Zepto"
[7m[37m[1m LOG [22m[39m[27m [fayr-shop] 19:40:08.175 WENT TO url=https://www.zepto.com/account/support/01a0b4d7-870c-7dca-b701-e038477c5106?order-related-faq=true title="Everything delivered in minutes* | Zepto"
[7m[37m[1m LOG [22m[39m[27m [fayr-shop] 19:40:08.180 ORDER? said=CANNOT_TELL rule="nothing on this page says an order was placed" title="Everything delivered in minutes* | Zepto" url=https://www.zepto.com/account/support/01a0b4d7-870c-7dca-b701-e038477c5106?order-related-faq=true
[7m[37m[1m LOG [22m[39m[27m [fayr-session] saved zepto: 24 cookies, 7359B
[7m[37m[1m LOG [22m[39m[27m [fayr-shop] 19:40:09.753 WENT TO url=https://www.zepto.com/account/support/01a0b4d7-870c-7dca-b701-e038477c5106/details/4f53aa73-7681-4fbd-9b73-2b857d0f1f8e?order-related-faq=true title="Everything delivered in minutes* | Zepto"
[7m[37m[1m LOG [22m[39m[27m [fayr-shop] 19:40:09.754 THE PAGE REPORTED url=https://www.zepto.com/account/support/01a0b4d7-870c-7dca-b701-e038477c5106/details/4f53aa73-7681-4fbd-9b73-2b857d0f1f8e?order-related-faq=true title="none"
[7m[37m[1m LOG [22m[39m[27m [fayr-shop] 19:40:09.764 ORDER? said=CANNOT_TELL rule="nothing on this page says an order was placed" title="none" url=https://www.zepto.com/account/support/01a0b4d7-870c-7dca-b701-e038477c5106/details/4f53aa73-7681-4fbd-9b73-2b857d0f1f8e?order-related-faq=true
[7m[37m[1m LOG [22m[39m[27m [fayr-session] saved zepto: 24 cookies, 7357B
[7m[37m[1m LOG [22m[39m[27m [fayr-shop] 19:40:13.895 WENT TO url=https://www.zepto.com/account/support/01a0b4d7-870c-7dca-b701-e038477c5106?order-related-faq=true title="Everything delivered in minutes* | Zepto"
[7m[37m[1m LOG [22m[39m[27m [fayr-shop] 19:40:13.895 THE PAGE REPORTED url=https://www.zepto.com/account/support/01a0b4d7-870c-7dca-b701-e038477c5106?order-related-faq=true title="Everything delivered in minutes* | Zepto"
[7m[37m[1m LOG [22m[39m[27m [fayr-shop] 19:40:13.896 WENT TO url=https://www.zepto.com/account/support/01a0b4d7-870c-7dca-b701-e038477c5106?order-related-faq=true title="Everything delivered in minutes* | Zepto"
[7m[37m[1m LOG [22m[39m[27m [fayr-shop] 19:40:13.902 ORDER? said=CANNOT_TELL rule="nothing on this page says an order was placed" title="Everything delivered in minutes* | Zepto" url=https://www.zepto.com/account/support/01a0b4d7-870c-7dca-b701-e038477c5106?order-related-faq=true
[7m[37m[1m LOG [22m[39m[27m [fayr-session] saved zepto: 24 cookies, 7357B
[7m[37m[1m LOG [22m[39m[27m [fayr-shop] 19:40:14.683 WENT TO url=https://www.zepto.com/order/status/01a0b4d7-870c-7dca-b701-e038477c5106 title="Everything delivered in minutes* | Zepto"
[7m[37m[1m LOG [22m[39m[27m [fayr-shop] 19:40:14.683 THE PAGE REPORTED url=https://www.zepto.com/order/status/01a0b4d7-870c-7dca-b701-e038477c5106 title="Everything delivered in minutes* | Zepto"
[7m[37m[1m LOG [22m[39m[27m [fayr-shop] 19:40:14.683 WENT TO url=https://www.zepto.com/order/status/01a0b4d7-870c-7dca-b701-e038477c5106 title="Everything delivered in minutes* | Zepto"
[7m[37m[1m LOG [22m[39m[27m [fayr-shop] 19:40:14.686 ORDER? said=NOT_PLACED rule="an order’s own page or the order list, not a new order" title="Everything delivered in minutes* | Zepto" url=https://www.zepto.com/order/status/01a0b4d7-870c-7dca-b701-e038477c5106
[7m[37m[1m LOG [22m[39m[27m [fayr-shop] 19:40:22.595 WENT TO url=https://www.zepto.com/account/support/01a0b4d7-870c-7dca-b701-e038477c5106?order-related-faq=true title="Everything delivered in minutes* | Zepto"
[7m[37m[1m LOG [22m[39m[27m [fayr-shop] 19:40:22.598 ORDER? said=CANNOT_TELL rule="nothing on this page says an order was placed" title="Everything delivered in minutes* | Zepto" url=https://www.zepto.com/account/support/01a0b4d7-870c-7dca-b701-e038477c5106?order-related-faq=true
[7m[37m[1m LOG [22m[39m[27m [fayr-shop] 19:40:22.598 THE PAGE REPORTED url=https://www.zepto.com/account/support/01a0b4d7-870c-7dca-b701-e038477c5106?order-related-faq=true title="none"
[7m[37m[1m LOG [22m[39m[27m [fayr-shop] 19:40:22.601 ORDER? said=CANNOT_TELL rule="nothing on this page says an order was placed" title="none" url=https://www.zepto.com/account/support/01a0b4d7-870c-7dca-b701-e038477c5106?order-related-faq=true
[7m[37m[1m LOG [22m[39m[27m [fayr-session] saved zepto: 24 cookies, 7357B
[7m[37m[1m LOG [22m[39m[27m [fayr-shop] 19:40:23.502 WENT TO url=https://www.zepto.com/account/support/01a0b4d7-870c-7dca-b701-e038477c5106/details/4f53aa73-7681-4fbd-9b73-2b857d0f1f8e?order-related-faq=true title="Everything delivered in minutes* | Zepto"
[7m[37m[1m LOG [22m[39m[27m [fayr-shop] 19:40:23.503 THE PAGE REPORTED url=https://www.zepto.com/account/support/01a0b4d7-870c-7dca-b701-e038477c5106/details/4f53aa73-7681-4fbd-9b73-2b857d0f1f8e?order-related-faq=true title="none"
[7m[37m[1m LOG [22m[39m[27m [fayr-shop] 19:40:23.509 ORDER? said=CANNOT_TELL rule="nothing on this page says an order was placed" title="none" url=https://www.zepto.com/account/support/01a0b4d7-870c-7dca-b701-e038477c5106/details/4f53aa73-7681-4fbd-9b73-2b857d0f1f8e?order-related-faq=true
[7m[37m[1m LOG [22m[39m[27m [fayr-shop] 19:43:57.207 HANDING OVER to=LookingForIt campaign=6f9fbd69-39bd-4e33-95a5-f635ebded712
[7m[37m[1m LOG [22m[39m[27m [fayr-session] saved zepto: 24 cookies, 7357B
[7m[37m[1m LOG [22m[39m[27m [fayr-session] saved zepto: 24 cookies, 7357B
[7m[37m[1m LOG [22m[39m[27m [fayr-session] restore zepto: filled 0/0 missing cookie(s)
[7m[37m[1m LOG [22m[39m[27m [fayr-look] 19:43:58.933 list status=200 bytes=378360 landed=/account/orders looked=true whyNot=null wantsSignIn=false drawn=true drew=true settled=true waited=1633 looks=5 rows=8/0 nodes=195/400 strangers=0
[7m[37m[1m LOG [22m[39m[27m [fayr-look] 19:43:58.940 numbers slots=0 marked=0 linked=7 shaped=0 skipped=0 opening=7 named=false searched=0 how=link
[7m[37m[1m LOG [22m[39m[27m [fayr-look] 19:43:59.061 shape bytes=378360 tags=353 attrNames=47 dataShapes=3
[7m[37m[1m LOG [22m[39m[27m [fayr-look] 19:43:59.061 shape words order-card=0 yourorders=0 orderCard=0 order-info=0 a-box-group=0 your-orders=0
[7m[37m[1m LOG [22m[39m[27m [fayr-look] 19:43:59.061 shape names class(209) href(76) rel(68) media(44) height(37) style(37) width(37) content(36) fetchpriority(28) sizes(28) alt(27) data-nimg(27) decoding(27) loading(27) name(27) src(27) srcset(27) stroke(19) stroke-linecap(19) stroke-linejoin(19) stroke-width(19) type(16) x1(16) x2(16) y1(16) y2(16) aria-label(11) as(11) fill(10) viewbox(10) xmlns(10) property(9) tabindex(8) role(7) data-precedence(6) crossorigin(5) id(5) d(3) aria-atomic(1) aria-hidden(1)
[7m[37m[1m LOG [22m[39m[27m [fayr-look] 19:43:59.061 shape shape 27x data-nimg="#"
[7m[37m[1m LOG [22m[39m[27m [fayr-look] 19:43:59.061 shape shape 6x data-precedence="next"
[7m[37m[1m LOG [22m[39m[27m [fayr-look] 19:43:59.061 shape shape 1x data-idle="true"
[7m[37m[1m LOG [22m[39m[27m [fayr-look] 19:43:59.136 rows sightings=0 text=0 attr=0 inCode=0 distinct=0
[7m[37m[1m LOG [22m[39m[27m [fayr-look] 19:44:00.230 detail n=1 status=200 bytes=361846 landed=/order/<order> looked=true whyNot=null wantsSignIn=false
[7m[37m[1m LOG [22m[39m[27m [fayr-look] 19:44:00.292 post pages=1 ok=true status=200 matched=0 why=null
[7m[37m[1m LOG [22m[39m[27m [fayr-look] 19:44:01.506 detail n=2 status=200 bytes=368355 landed=/order/<order> looked=true whyNot=null wantsSignIn=false
[7m[37m[1m LOG [22m[39m[27m [fayr-look] 19:44:01.550 post pages=2 ok=true status=200 matched=0 why=null
[7m[37m[1m LOG [22m[39m[27m [fayr-look] 19:44:02.643 detail n=3 status=200 bytes=365063 landed=/order/<order> looked=true whyNot=null wantsSignIn=false
[7m[37m[1m LOG [22m[39m[27m [fayr-look] 19:44:02.680 post pages=3 ok=true status=200 matched=0 why=null
[7m[37m[1m LOG [22m[39m[27m [fayr-look] 19:44:03.783 detail n=4 status=200 bytes=371547 landed=/order/<order> looked=true whyNot=null wantsSignIn=false
[7m[37m[1m LOG [22m[39m[27m [fayr-look] 19:44:03.835 post pages=4 ok=true status=200 matched=0 why=null
[7m[37m[1m LOG [22m[39m[27m [fayr-look] 19:44:04.990 detail n=5 status=200 bytes=363283 landed=/order/<order> looked=true whyNot=null wantsSignIn=false
[7m[37m[1m LOG [22m[39m[27m [fayr-look] 19:44:05.022 post pages=5 ok=true status=200 matched=0 why=null
[7m[37m[1m LOG [22m[39m[27m [fayr-look] 19:44:06.239 detail n=6 status=200 bytes=363032 landed=/order/<order> looked=true whyNot=null wantsSignIn=false
[7m[37m[1m LOG [22m[39m[27m [fayr-look] 19:44:06.358 post pages=6 ok=true status=200 matched=0 why=null
[7m[37m[1m LOG [22m[39m[27m [fayr-look] 19:44:07.515 detail n=7 status=200 bytes=366482 landed=/order/<order> looked=true whyNot=null wantsSignIn=false
[7m[37m[1m LOG [22m[39m[27m [fayr-look] 19:44:07.569 post pages=7 ok=true status=200 matched=0 why=null
[7m[37m[1m LOG [22m[39m[27m [fayr-shop] 19:44:10.775 SESSION STARTED shop=zepto campaign=6f9fbd69-39bd-4e33-95a5-f635ebded712 landed=shop product="Lakme 9 To 5 Cc Cream Beige With 3% Niacinamide Complex Spf 30 Pa++" keyword="lakme cc cream" at=https://www.zepto.com/
[7m[37m[1m LOG [22m[39m[27m [fayr-session] restore zepto: filled 0/0 missing cookie(s)
[7m[37m[1m LOG [22m[39m[27m [fayr-shop] 19:44:10.837 WENT TO url=https://www.zepto.com/ title="none"
[7m[37m[1m LOG [22m[39m[27m [fayr-session] saved zepto: 25 cookies, 7567B
[7m[37m[1m LOG [22m[39m[27m [fayr-shop] 19:44:11.321 THE PAGE REPORTED url=https://www.zepto.com/ title="Zepto: Online Grocery Delivery App - Groceries in Minutes"
[7m[37m[1m LOG [22m[39m[27m [fayr-shop] 19:44:11.327 WHAT WE MAKE OF IT said=CANNOT_TELL rule="the title is only the shop’s own words" share=0 words=0/6 own=0 title="Zepto: Online Grocery Delivery App - Groceries in Minutes"
[7m[37m[1m LOG [22m[39m[27m [fayr-shop] 19:44:11.328 ORDER? said=CANNOT_TELL rule="nothing on this page says an order was placed" title="Zepto: Online Grocery Delivery App - Groceries in Minutes" url=https://www.zepto.com/
[7m[37m[1m LOG [22m[39m[27m [fayr-shop] 19:44:11.481 WENT TO url=https://www.zepto.com/ title="Zepto: Online Grocery Delivery App - Groceries in Minutes"
[7m[37m[1m LOG [22m[39m[27m [fayr-shop] 19:44:11.495 WENT TO url=https://www.zepto.com/ title="Zepto: Online Grocery Delivery App - Groceries in Minutes"
[7m[37m[1m LOG [22m[39m[27m [fayr-shop] 19:44:13.746 WENT TO url=https://www.zepto.com/order/status/01a0b4d7-870c-7dca-b701-e038477c5106 title="none"
[7m[37m[1m LOG [22m[39m[27m [fayr-shop] 19:44:13.746 THE PAGE REPORTED url=https://www.zepto.com/order/status/01a0b4d7-870c-7dca-b701-e038477c5106 title="none"
[7m[37m[1m LOG [22m[39m[27m [fayr-shop] 19:44:13.751 ORDER? said=NOT_PLACED rule="an order’s own page or the order list, not a new order" title="none" url=https://www.zepto.com/order/status/01a0b4d7-870c-7dca-b701-e038477c5106
[7m[37m[1m LOG [22m[39m[27m [fayr-session] saved zepto: 25 cookies, 7569B
[7m[37m[1m LOG [22m[39m[27m [fayr-shop] 19:44:20.531 WENT TO url=https://www.zepto.com/order/01a0b4d7-870c-7dca-b701-e038477c5106?child=true title="none"
[7m[37m[1m LOG [22m[39m[27m [fayr-shop] 19:44:20.532 THE PAGE REPORTED url=https://www.zepto.com/order/01a0b4d7-870c-7dca-b701-e038477c5106?child=true title="none"
[7m[37m[1m LOG [22m[39m[27m [fayr-shop] 19:44:20.533 ORDER? said=NOT_PLACED rule="an order’s own page or the order list, not a new order" title="none" url=https://www.zepto.com/order/01a0b4d7-870c-7dca-b701-e038477c5106?child=true
[7m[37m[1m LOG [22m[39m[27m [fayr-session] saved zepto: 25 cookies, 7573B
[7m[37m[1m LOG [22m[39m[27m [fayr-shop] 19:44:32.367 HANDING OVER to=LookingForIt campaign=6f9fbd69-39bd-4e33-95a5-f635ebded712
[7m[37m[1m LOG [22m[39m[27m [fayr-session] saved zepto: 25 cookies, 7573B
[7m[37m[1m LOG [22m[39m[27m [fayr-session] saved zepto: 25 cookies, 7573B
[7m[37m[1m LOG [22m[39m[27m [fayr-session] restore zepto: filled 0/0 missing cookie(s)
[7m[37m[1m LOG [22m[39m[27m [fayr-look] 19:44:33.938 list status=200 bytes=377208 landed=/account/orders looked=true whyNot=null wantsSignIn=false drawn=true drew=true settled=true waited=1477 looks=4 rows=8/0 nodes=195/392 strangers=0
[7m[37m[1m LOG [22m[39m[27m [fayr-look] 19:44:33.944 numbers slots=0 marked=0 linked=7 shaped=0 skipped=0 opening=7 named=false searched=0 how=link
[7m[37m[1m LOG [22m[39m[27m [fayr-look] 19:44:34.049 shape bytes=377208 tags=353 attrNames=47 dataShapes=3
[7m[37m[1m LOG [22m[39m[27m [fayr-look] 19:44:34.049 shape words order-card=0 yourorders=0 orderCard=0 order-info=0 a-box-group=0 your-orders=0
[7m[37m[1m LOG [22m[39m[27m [fayr-look] 19:44:34.049 shape names class(209) href(76) rel(68) media(44) height(37) style(37) width(37) content(36) fetchpriority(28) sizes(28) alt(27) data-nimg(27) decoding(27) loading(27) name(27) src(27) srcset(27) stroke(19) stroke-linecap(19) stroke-linejoin(19) stroke-width(19) type(16) x1(16) x2(16) y1(16) y2(16) aria-label(11) as(11) fill(10) viewbox(10) xmlns(10) property(9) tabindex(8) role(7) data-precedence(6) crossorigin(5) id(5) d(3) aria-atomic(1) aria-hidden(1)
[7m[37m[1m LOG [22m[39m[27m [fayr-look] 19:44:34.049 shape shape 27x data-nimg="#"
[7m[37m[1m LOG [22m[39m[27m [fayr-look] 19:44:34.049 shape shape 6x data-precedence="next"
[7m[37m[1m LOG [22m[39m[27m [fayr-look] 19:44:34.049 shape shape 1x data-idle="true"
[7m[37m[1m LOG [22m[39m[27m [fayr-look] 19:44:34.111 rows sightings=0 text=0 attr=0 inCode=0 distinct=0
[7m[37m[1m LOG [22m[39m[27m [fayr-look] 19:44:35.266 detail n=1 status=200 bytes=362644 landed=/order/<order> looked=true whyNot=null wantsSignIn=false
[7m[37m[1m LOG [22m[39m[27m [fayr-look] 19:44:35.313 post pages=1 ok=true status=200 matched=0 why=null
[7m[37m[1m LOG [22m[39m[27m [fayr-look] 19:44:36.441 detail n=2 status=200 bytes=368355 landed=/order/<order> looked=true whyNot=null wantsSignIn=false
[7m[37m[1m LOG [22m[39m[27m [fayr-look] 19:44:36.489 post pages=2 ok=true status=200 matched=0 why=null
[7m[37m[1m LOG [22m[39m[27m [fayr-look] 19:44:37.634 detail n=3 status=200 bytes=365063 landed=/order/<order> looked=true whyNot=null wantsSignIn=false
[7m[37m[1m LOG [22m[39m[27m [fayr-look] 19:44:37.667 post pages=3 ok=true status=200 matched=0 why=null
[7m[37m[1m LOG [22m[39m[27m [fayr-look] 19:44:38.770 detail n=4 status=200 bytes=371547 landed=/order/<order> looked=true whyNot=null wantsSignIn=false
[7m[37m[1m LOG [22m[39m[27m [fayr-look] 19:44:38.825 post pages=4 ok=true status=200 matched=0 why=null
[7m[37m[1m LOG [22m[39m[27m [fayr-look] 19:44:40.000 detail n=5 status=200 bytes=363282 landed=/order/<order> looked=true whyNot=null wantsSignIn=false
[7m[37m[1m LOG [22m[39m[27m [fayr-look] 19:44:40.053 post pages=5 ok=true status=200 matched=0 why=null
[7m[37m[1m LOG [22m[39m[27m [fayr-look] 19:44:41.180 detail n=6 status=200 bytes=363033 landed=/order/<order> looked=true whyNot=null wantsSignIn=false
[7m[37m[1m LOG [22m[39m[27m [fayr-look] 19:44:41.332 post pages=6 ok=true status=200 matched=0 why=null
[7m[37m[1m LOG [22m[39m[27m [fayr-look] 19:44:42.496 detail n=7 status=200 bytes=366482 landed=/order/<order> looked=true whyNot=null wantsSignIn=false
[7m[37m[1m LOG [22m[39m[27m [fayr-look] 19:44:42.534 post pages=7 ok=true status=200 matched=0 why=null
[32m[1miOS[22m Bundled [39m[2m55ms[22m[0m[2m index.js (1 module)[22m[0m
[7m[37m[1m LOG [22m[39m[27m [Fayr] backend address: http://192.168.0.190:3001 (set by you)
[7m[37m[1m LOG [22m[39m[27m [fayr-shop] 19:55:13.465 SESSION STARTED shop=zepto campaign=6f9fbd69-39bd-4e33-95a5-f635ebded712 landed=shop product="Lakme 9 To 5 Cc Cream Beige With 3% Niacinamide Complex Spf 30 Pa++" keyword="lakme cc cream" at=https://www.zepto.com/
[7m[37m[1m LOG [22m[39m[27m [fayr-session] restore zepto: filled 2/2 missing cookie(s)
[7m[37m[1m LOG [22m[39m[27m [fayr-shop] 19:55:13.639 WENT TO url=https://www.zepto.com/ title="none"
[7m[37m[1m LOG [22m[39m[27m [fayr-session] saved zepto: 24 cookies, 7367B
[7m[37m[1m LOG [22m[39m[27m [fayr-shop] 19:55:14.758 THE SHOP’S OWN PAGE SAID signInIsUp=true theyAreIn=false signInIsGone=false greetedByName=false
[7m[37m[1m LOG [22m[39m[27m [fayr-shop] 19:55:14.758 THE PAGE REPORTED url=https://www.zepto.com/ title="Zepto: Online Grocery Delivery App - Groceries in Minutes"
[7m[37m[1m LOG [22m[39m[27m [fayr-shop] 19:55:14.761 WHAT WE MAKE OF IT said=CANNOT_TELL rule="the title is only the shop’s own words" share=0 words=0/6 own=0 title="Zepto: Online Grocery Delivery App - Groceries in Minutes"
[7m[37m[1m LOG [22m[39m[27m [fayr-shop] 19:55:14.762 ORDER? said=CANNOT_TELL rule="nothing on this page says an order was placed" title="Zepto: Online Grocery Delivery App - Groceries in Minutes" url=https://www.zepto.com/
[7m[37m[1m LOG [22m[39m[27m [fayr-shop] 19:55:14.831 WENT TO url=https://www.zepto.com/ title="Zepto: Online Grocery Delivery App - Groceries in Minutes"
[7m[37m[1m LOG [22m[39m[27m [fayr-shop] 19:55:15.376 THE SHOP’S OWN PAGE SAID signInIsUp=false theyAreIn=false signInIsGone=true greetedByName=false
[7m[37m[1m LOG [22m[39m[27m [fayr-shop] 19:55:15.644 WENT TO url=https://www.zepto.com/ title="Zepto: Online Grocery Delivery App - Groceries in Minutes"
[7m[37m[1m LOG [22m[39m[27m [fayr-session] saved zepto: 25 cookies, 7567B
[7m[37m[1m LOG [22m[39m[27m [fayr-shop] 19:55:18.653 HANDING OVER to=LookingForIt campaign=6f9fbd69-39bd-4e33-95a5-f635ebded712
[7m[37m[1m LOG [22m[39m[27m [fayr-session] saved zepto: 25 cookies, 7567B
[7m[37m[1m LOG [22m[39m[27m [fayr-session] saved zepto: 25 cookies, 7567B
[7m[37m[1m LOG [22m[39m[27m [fayr-session] restore zepto: filled 0/0 missing cookie(s)
[7m[37m[1m LOG [22m[39m[27m [fayr-look] 19:55:19.983 list status=200 bytes=380684 landed=/account/orders looked=true whyNot=null wantsSignIn=false drawn=true drew=true settled=true waited=1221 looks=4 rows=8/0 nodes=186/417 strangers=0
[7m[37m[1m LOG [22m[39m[27m [fayr-look] 19:55:19.991 numbers slots=0 marked=0 linked=8 shaped=0 skipped=0 opening=8 named=false searched=0 how=link
[7m[37m[1m LOG [22m[39m[27m [fayr-look] 19:55:20.150 shape bytes=380684 tags=358 attrNames=47 dataShapes=3
[7m[37m[1m LOG [22m[39m[27m [fayr-look] 19:55:20.150 shape words order-card=0 yourorders=0 orderCard=0 order-info=0 a-box-group=0 your-orders=0
[7m[37m[1m LOG [22m[39m[27m [fayr-look] 19:55:20.151 shape names class(214) href(76) rel(68) media(44) style(38) height(37) width(37) content(36) fetchpriority(28) sizes(28) alt(27) data-nimg(27) decoding(27) loading(27) name(27) src(27) srcset(27) stroke(19) stroke-linecap(19) stroke-linejoin(19) stroke-width(19) type(17) x1(16) x2(16) y1(16) y2(16) aria-label(11) as(11) fill(10) viewbox(10) xmlns(10) property(9) tabindex(9) role(8) data-precedence(6) crossorigin(5) id(5) d(3) aria-atomic(1) aria-hidden(1)
[7m[37m[1m LOG [22m[39m[27m [fayr-look] 19:55:20.151 shape shape 27x data-nimg="#"
[7m[37m[1m LOG [22m[39m[27m [fayr-look] 19:55:20.151 shape shape 6x data-precedence="next"
[7m[37m[1m LOG [22m[39m[27m [fayr-look] 19:55:20.151 shape shape 1x data-idle="true"
[7m[37m[1m LOG [22m[39m[27m [fayr-look] 19:55:20.249 rows sightings=0 text=0 attr=0 inCode=0 distinct=0
[7m[37m[1m LOG [22m[39m[27m [fayr-look] 19:55:22.364 detail n=1 status=200 bytes=362496 landed=/order/<order> looked=true whyNot=null wantsSignIn=false
[7m[37m[1m LOG [22m[39m[27m [fayr-look] 19:55:22.429 post pages=1 ok=true status=200 matched=1 why=null
[7m[37m[1m LOG [22m[39m[27m [fayr-session] restore zepto: filled 0/0 missing cookie(s)
[7m[37m[1m LOG [22m[39m[27m [fayr-look] 19:55:31.260 list status=200 bytes=377518 landed=/account/orders looked=true whyNot=null wantsSignIn=false drawn=true drew=true settled=true waited=1855 looks=6 rows=8/0 nodes=186/395 strangers=0
[7m[37m[1m LOG [22m[39m[27m [fayr-look] 19:55:31.267 numbers slots=0 marked=0 linked=8 shaped=0 skipped=0 opening=0 named=true searched=0 how=link
[7m[37m[1m LOG [22m[39m[27m [fayr-look] 19:55:31.357 shape bytes=377518 tags=358 attrNames=47 dataShapes=3
[7m[37m[1m LOG [22m[39m[27m [fayr-look] 19:55:31.358 shape words order-card=0 yourorders=0 orderCard=0 order-info=0 a-box-group=0 your-orders=0
[7m[37m[1m LOG [22m[39m[27m [fayr-look] 19:55:31.358 shape names class(214) href(76) rel(68) media(44) style(38) height(37) width(37) content(36) fetchpriority(28) sizes(28) alt(27) data-nimg(27) decoding(27) loading(27) name(27) src(27) srcset(27) stroke(19) stroke-linecap(19) stroke-linejoin(19) stroke-width(19) type(17) x1(16) x2(16) y1(16) y2(16) aria-label(11) as(11) fill(10) viewbox(10) xmlns(10) property(9) tabindex(9) role(8) data-precedence(6) crossorigin(5) id(5) d(3) aria-atomic(1) aria-hidden(1)
[7m[37m[1m LOG [22m[39m[27m [fayr-look] 19:55:31.358 shape shape 27x data-nimg="#"
[7m[37m[1m LOG [22m[39m[27m [fayr-look] 19:55:31.358 shape shape 6x data-precedence="next"
[7m[37m[1m LOG [22m[39m[27m [fayr-look] 19:55:31.358 shape shape 1x data-idle="true"
[7m[37m[1m LOG [22m[39m[27m [fayr-look] 19:55:31.417 rows sightings=0 text=0 attr=0 inCode=0 distinct=0
